******************************************************************************
             TMS320C2000 Linker PC v20.2.5                     
******************************************************************************
>> Linked Thu Jul 29 12:18:57 2021

OUTPUT FILE NAME:   <RealTimeMachine.out>
ENTRY POINT SYMBOL: "_c_int00"  address: 0008096d


MEMORY CONFIGURATION

         name            origin    length      used     unused   attr    fill
----------------------  --------  ---------  --------  --------  ----  --------
PAGE 0:
  RAMM0                 000000f5   0000030b  00000000  0000030b  RWIX
  RAMLS_PROG            0000a000   00002000  00000050  00001fb0  RWIX
  BEGIN                 00080000   00000002  00000002  00000000  RWIX
  FLASH_BANK0_SEC       00080002   0000fffe  00000e75  0000f189  RWIX
  FLASH_BANK1_SEC       00090000   00010000  00000000  00010000  RWIX
  RESET                 003fffc0   00000002  00000000  00000002  RWIX

PAGE 1:
  BOOT_RSVD             00000002   000000f3  000000c4  0000002f  RWIX
  RAMM1                 00000400   00000400  00000400  00000000  RWIX
  ADCA_RESULT           00000b00   00000020  00000000  00000020  RWIX
  ADCB_RESULT           00000b20   00000020  00000000  00000020  RWIX
  ADCC_RESULT           00000b40   00000020  00000000  00000020  RWIX
  CPU_TIMER0            00000c00   00000008  00000008  00000000  RWIX
  CPU_TIMER1            00000c08   00000008  00000008  00000000  RWIX
  CPU_TIMER2            00000c10   00000008  00000008  00000000  RWIX
  PIE_CTRL              00000ce0   00000020  0000001a  00000006  RWIX
  PIE_VECT              00000d00   00000200  00000200  00000000  RWIX
  DMA                   00001000   00000200  00000180  00000080  RWIX
  CLA1                  00001400   00000080  00000048  00000038  RWIX
  CLA1_MSGRAMLOW        00001480   00000080  00000050  00000030  RWIX
  CLA1_MSGRAMHIGH       00001500   00000080  00000080  00000000  RWIX
  EPWM1                 00004000   00000100  00000100  00000000  RWIX
  EPWM2                 00004100   00000100  00000100  00000000  RWIX
  EPWM3                 00004200   00000100  00000100  00000000  RWIX
  EPWM4                 00004300   00000100  00000100  00000000  RWIX
  EPWM5                 00004400   00000100  00000100  00000000  RWIX
  EPWM6                 00004500   00000100  00000100  00000000  RWIX
  EPWM7                 00004600   00000100  00000100  00000000  RWIX
  EPWM8                 00004700   00000100  00000100  00000000  RWIX
  EQEP1                 00005100   00000040  00000036  0000000a  RWIX
  EQEP2                 00005140   00000040  00000036  0000000a  RWIX
  ECAP1                 00005200   00000040  0000001a  00000026  RWIX
  ECAP2                 00005240   00000040  0000001a  00000026  RWIX
  ECAP3                 00005280   00000040  0000001a  00000026  RWIX
  ECAP4                 000052c0   00000040  0000001a  00000026  RWIX
  ECAP5                 00005300   00000040  0000001a  00000026  RWIX
  ECAP6                 00005340   00000040  0000001a  00000026  RWIX
  ECAP7                 00005380   00000040  0000001a  00000026  RWIX
  PGA1                  00005b00   00000010  0000000a  00000006  RWIX
  PGA2                  00005b10   00000010  0000000a  00000006  RWIX
  PGA3                  00005b20   00000010  0000000a  00000006  RWIX
  PGA4                  00005b30   00000010  0000000a  00000006  RWIX
  PGA5                  00005b40   00000010  0000000a  00000006  RWIX
  PGA6                  00005b50   00000010  0000000a  00000006  RWIX
  PGA7                  00005b60   00000010  0000000a  00000006  RWIX
  DACA                  00005c00   00000010  00000007  00000009  RWIX
  DACB                  00005c10   00000010  00000007  00000009  RWIX
  CMPSS1                00005c80   00000020  0000001b  00000005  RWIX
  CMPSS2                00005ca0   00000020  0000001b  00000005  RWIX
  CMPSS3                00005cc0   00000020  0000001b  00000005  RWIX
  CMPSS4                00005ce0   00000020  0000001b  00000005  RWIX
  CMPSS5                00005d00   00000020  0000001b  00000005  RWIX
  CMPSS6                00005d20   00000020  0000001b  00000005  RWIX
  CMPSS7                00005d40   00000020  0000001b  00000005  RWIX
  SDFM1                 00005e00   00000080  00000050  00000030  RWIX
  SPIA                  00006100   00000010  00000010  00000000  RWIX
  SPIB                  00006110   00000010  00000010  00000000  RWIX
  CLAPROMCRC            000061c0   00000020  00000020  00000000  RWIX
  PMBUSA                00006400   00000020  0000001e  00000002  RWIX
  FSITXA                00006600   00000080  00000050  00000030  RWIX
  FSIRXA                00006680   00000080  00000050  00000030  RWIX
  LINA                  00006a00   00000100  000000ec  00000014  RWIX
  LINB                  00006b00   00000100  00000080  00000080  RWIX
  WD                    00007000   00000040  0000002b  00000015  RWIX
  NMIINTRUPT            00007060   00000010  00000007  00000009  RWIX
  XINT                  00007070   00000010  0000000b  00000005  RWIX
  SCIA                  00007200   00000010  00000010  00000000  RWIX
  SCIB                  00007210   00000010  00000010  00000000  RWIX
  I2CA                  00007300   00000040  00000022  0000001e  RWIX
  ADCA                  00007400   00000080  00000076  0000000a  RWIX
  ADCB                  00007480   00000080  00000076  0000000a  RWIX
  ADCC                  00007500   00000080  00000076  0000000a  RWIX
  INPUT_XBAR            00007900   00000020  00000020  00000000  RWIX
  XBAR                  00007920   00000020  00000010  00000010  RWIX
  SYNC_SOC              00007940   00000010  00000006  0000000a  RWIX
  DMACLASRCSEL          00007980   00000040  0000001a  00000026  RWIX
  EPWM_XBAR             00007a00   00000040  00000040  00000000  RWIX
  CLB_XBAR              00007a40   00000040  00000000  00000040  RWIX
  OUTPUT_XBAR           00007a80   00000040  00000040  00000000  RWIX
  GPIOCTRL              00007c00   00000200  00000200  00000000  RWIX
  GPIODAT               00007f00   00000040  0000003a  00000006  RWIX
  RAMLS_DATA            00008000   00002000  00000420  00001be0  RWIX
  RAMGS_DATA            0000c000   00008000  00000030  00007fd0  RWIX
  CANA                  00048000   00000800  00000164  0000069c  RWIX
  CANB                  0004a000   00000800  00000164  0000069c  RWIX
  DEV_CFG               0005d000   00000180  00000132  0000004e  RWIX
  CLK_CFG               0005d200   00000100  00000034  000000cc  RWIX
  CPU_SYS               0005d300   00000100  00000082  0000007e  RWIX
  PERIPH_AC             0005d500   00000200  00000200  00000000  RWIX
  ANALOG_SUBSYS         0005d700   00000100  00000090  00000070  RWIX
  DCC0                  0005e700   00000040  0000002c  00000014  RWIX
  ERAD_GLOBAL           0005e800   00000013  0000000b  00000008  RWIX
  ERAD_HWBP1            0005e900   00000008  00000008  00000000  RWIX
  ERAD_HWBP2            0005e908   00000008  00000008  00000000  RWIX
  ERAD_HWBP3            0005e910   00000008  00000008  00000000  RWIX
  ERAD_HWBP4            0005e918   00000008  00000008  00000000  RWIX
  ERAD_HWBP5            0005e920   00000008  00000008  00000000  RWIX
  ERAD_HWBP6            0005e928   00000008  00000008  00000000  RWIX
  ERAD_HWBP7            0005e930   00000008  00000008  00000000  RWIX
  ERAD_HWBP8            0005e938   00000008  00000008  00000000  RWIX
  ERAD_CTR1             0005e980   00000010  0000000a  00000006  RWIX
  ERAD_CTR2             0005e990   00000010  0000000a  00000006  RWIX
  ERAD_CTR3             0005e9a0   00000010  0000000a  00000006  RWIX
  ERAD_CTR4             0005e9b0   00000010  0000000a  00000006  RWIX
  DCSM_BANK0_Z1         0005f000   00000030  00000022  0000000e  RWIX
  DCSM_BANK0_Z2         0005f040   00000030  00000022  0000000e  RWIX
  DCSM_COMMON           0005f070   00000010  00000010  00000000  RWIX
  DCSM_BANK1_Z1         0005f100   00000030  00000020  00000010  RWIX
  DCSM_BANK1_Z2         0005f140   00000030  00000020  00000010  RWIX
  MEMCFG                0005f400   00000080  00000076  0000000a  RWIX
  ACCESSPROTECTION      0005f4c0   00000040  0000002e  00000012  RWIX
  MEMORYERROR           0005f500   00000040  0000003a  00000006  RWIX
  FLASH0_CTRL           0005f800   00000300  00000182  0000017e  RWIX
  FLASH0_ECC            0005fb00   00000040  00000028  00000018  RWIX


SECTION ALLOCATION MAP

 output                                  attributes/
section   page    origin      length       input sections
--------  ----  ----------  ----------   ----------------
PieVectTableFile 
*          1    00000d00    000001c0     UNINITIALIZED
                  00000d00    000001c0     f28004x_globalvariabledefs.obj (PieVectTableFile)

EmuKeyVar 
*          1    00000d00    00000000     UNINITIALIZED

EmuBModeVar 
*          1    00000d00    00000000     UNINITIALIZED

FlashCallbackVar 
*          1    00000d00    00000000     UNINITIALIZED

FlashScalingVar 
*          1    00000d00    00000000     UNINITIALIZED

ramfuncs   0    0000a000    00000000     UNINITIALIZED

codestart 
*          0    00080000    00000002     
                  00080000    00000002     f28004x_codestartbranch.obj (codestart)

.text      0    00080004    00000c38     
                  00080004    000004b3     f28004x_defaultisr.obj (.text:retain)
                  000804b7    000002e9     f28004x_sysctrl.obj (.text)
                  000807a0    000000f5     c28004xBoard_Realtime_Support.obj (.text)
                  00080895    0000007b     f28004x_cputimers.obj (.text)
                  00080910    0000005d     ert_main.obj (.text)
                  0008096d    00000056     rts2800_fpu32.lib : boot28.asm.obj (.text)
                  000809c3    00000050     RealTimeMachine.obj (.text)
                  00080a13    0000004e     c28004xSchedulerTimer0.obj (.text)
                  00080a61    0000004a     MW_c28xx_board.obj (.text)
                  00080aab    0000004a     MW_c28xx_qep.obj (.text)
                  00080af5    00000044     c28004xSchedulerTimer0.obj (.text:retain)
                  00080b39    00000029     rts2800_fpu32.lib : exit.c.obj (.text)
                  00080b62    00000028     f28004x_piectrl.obj (.text)
                  00080b8a    00000026     f28004x_pievect.obj (.text)
                  00080bb0    00000024     rts2800_fpu32.lib : cpy_tbl.c.obj (.text)
                  00080bd4    0000001d                       : memcpy.c.obj (.text)
                  00080bf1    00000014     MW_c28xx_xbar.obj (.text)
                  00080c05    00000012     rts2800_fpu32.lib : args_main.c.obj (.text)
                  00080c17    00000011     MW_c28xGlobalInterrupts.obj (.text)
                  00080c28    00000009     rts2800_fpu32.lib : _lock.c.obj (.text)
                  00080c31    00000008     f28004x_codestartbranch.obj (.text)
                  00080c39    00000002     rts2800_fpu32.lib : pre_init.c.obj (.text)
                  00080c3b    00000001                       : startup.c.obj (.text)

.cinit     0    00080e50    0000002b     
                  00080e50    0000000e     rts2800_fpu32.lib : exit.c.obj (.cinit)
                  00080e5e    00000008     ert_main.obj (.cinit)
                  00080e66    00000005     RealTimeMachine_data.obj (.cinit)
                  00080e6b    00000005     rts2800_fpu32.lib : _lock.c.obj (.cinit:__lock)
                  00080e70    00000005                       : _lock.c.obj (.cinit:__unlock)
                  00080e75    00000004     MW_c28xGPIO.obj (.cinit)
                  00080e79    00000002     --HOLE-- [fill = 0]

AdcaResultRegsFile 
*          1    00000002    00000018     UNINITIALIZED
                  00000002    00000018     f28004x_globalvariabledefs.obj (AdcaResultRegsFile)

AdcbResultRegsFile 
*          1    0000001a    00000018     UNINITIALIZED
                  0000001a    00000018     f28004x_globalvariabledefs.obj (AdcbResultRegsFile)

Clb1LogicCfgRegsFile 
*          1    00000040    00000050     UNINITIALIZED
                  00000040    00000050     f28004x_globalvariabledefs.obj (Clb1LogicCfgRegsFile)

AdccResultRegsFile 
*          1    00000090    00000018     UNINITIALIZED
                  00000090    00000018     f28004x_globalvariabledefs.obj (AdccResultRegsFile)

CpuTimer0RegsFile 
*          1    00000c00    00000008     UNINITIALIZED
                  00000c00    00000008     f28004x_globalvariabledefs.obj (CpuTimer0RegsFile)

CpuTimer1RegsFile 
*          1    00000c08    00000008     UNINITIALIZED
                  00000c08    00000008     f28004x_globalvariabledefs.obj (CpuTimer1RegsFile)

CpuTimer2RegsFile 
*          1    00000c10    00000008     UNINITIALIZED
                  00000c10    00000008     f28004x_globalvariabledefs.obj (CpuTimer2RegsFile)

PieCtrlRegsFile 
*          1    00000ce0    0000001a     UNINITIALIZED
                  00000ce0    0000001a     f28004x_globalvariabledefs.obj (PieCtrlRegsFile)

CLBXbarRegsFile 
*          1    00000ec0    00000040     UNINITIALIZED
                  00000ec0    00000040     f28004x_globalvariabledefs.obj (CLBXbarRegsFile)

DmaRegsFile 
*          1    00001000    000000e0     UNINITIALIZED
                  00001000    000000e0     f28004x_globalvariabledefs.obj (DmaRegsFile)

Clb2LogicCfgRegsFile 
*          1    00001100    00000050     UNINITIALIZED
                  00001100    00000050     f28004x_globalvariabledefs.obj (Clb2LogicCfgRegsFile)

Clb3LogicCfgRegsFile 
*          1    00001180    00000050     UNINITIALIZED
                  00001180    00000050     f28004x_globalvariabledefs.obj (Clb3LogicCfgRegsFile)

Cla1RegsFile 
*          1    00001400    00000048     UNINITIALIZED
                  00001400    00000048     f28004x_globalvariabledefs.obj (Cla1RegsFile)

Clb4LogicCfgRegsFile 
*          1    00001480    00000050     UNINITIALIZED
                  00001480    00000050     f28004x_globalvariabledefs.obj (Clb4LogicCfgRegsFile)

EPwm1RegsFile 
*          1    00004000    00000100     UNINITIALIZED
                  00004000    00000100     f28004x_globalvariabledefs.obj (EPwm1RegsFile)

EPwm2RegsFile 
*          1    00004100    00000100     UNINITIALIZED
                  00004100    00000100     f28004x_globalvariabledefs.obj (EPwm2RegsFile)

EPwm3RegsFile 
*          1    00004200    00000100     UNINITIALIZED
                  00004200    00000100     f28004x_globalvariabledefs.obj (EPwm3RegsFile)

EPwm4RegsFile 
*          1    00004300    00000100     UNINITIALIZED
                  00004300    00000100     f28004x_globalvariabledefs.obj (EPwm4RegsFile)

EPwm5RegsFile 
*          1    00004400    00000100     UNINITIALIZED
                  00004400    00000100     f28004x_globalvariabledefs.obj (EPwm5RegsFile)

EPwm6RegsFile 
*          1    00004500    00000100     UNINITIALIZED
                  00004500    00000100     f28004x_globalvariabledefs.obj (EPwm6RegsFile)

EPwm7RegsFile 
*          1    00004600    00000100     UNINITIALIZED
                  00004600    00000100     f28004x_globalvariabledefs.obj (EPwm7RegsFile)

EPwm8RegsFile 
*          1    00004700    00000100     UNINITIALIZED
                  00004700    00000100     f28004x_globalvariabledefs.obj (EPwm8RegsFile)

EQep1RegsFile 
*          1    00005100    00000036     UNINITIALIZED
                  00005100    00000036     f28004x_globalvariabledefs.obj (EQep1RegsFile)

EQep2RegsFile 
*          1    00005140    00000036     UNINITIALIZED
                  00005140    00000036     f28004x_globalvariabledefs.obj (EQep2RegsFile)

ECap1RegsFile 
*          1    00005200    0000001a     UNINITIALIZED
                  00005200    0000001a     f28004x_globalvariabledefs.obj (ECap1RegsFile)

ECap2RegsFile 
*          1    00005240    0000001a     UNINITIALIZED
                  00005240    0000001a     f28004x_globalvariabledefs.obj (ECap2RegsFile)

ECap3RegsFile 
*          1    00005280    0000001a     UNINITIALIZED
                  00005280    0000001a     f28004x_globalvariabledefs.obj (ECap3RegsFile)

ECap4RegsFile 
*          1    000052c0    0000001a     UNINITIALIZED
                  000052c0    0000001a     f28004x_globalvariabledefs.obj (ECap4RegsFile)

ECap5RegsFile 
*          1    00005300    0000001a     UNINITIALIZED
                  00005300    0000001a     f28004x_globalvariabledefs.obj (ECap5RegsFile)

ECap6RegsFile 
*          1    00005340    0000001a     UNINITIALIZED
                  00005340    0000001a     f28004x_globalvariabledefs.obj (ECap6RegsFile)

ECap7RegsFile 
*          1    00005380    0000001a     UNINITIALIZED
                  00005380    0000001a     f28004x_globalvariabledefs.obj (ECap7RegsFile)

Pga1RegsFile 
*          1    00005b00    0000000a     UNINITIALIZED
                  00005b00    0000000a     f28004x_globalvariabledefs.obj (Pga1RegsFile)

Pga2RegsFile 
*          1    00005b10    0000000a     UNINITIALIZED
                  00005b10    0000000a     f28004x_globalvariabledefs.obj (Pga2RegsFile)

Pga3RegsFile 
*          1    00005b20    0000000a     UNINITIALIZED
                  00005b20    0000000a     f28004x_globalvariabledefs.obj (Pga3RegsFile)

Pga4RegsFile 
*          1    00005b30    0000000a     UNINITIALIZED
                  00005b30    0000000a     f28004x_globalvariabledefs.obj (Pga4RegsFile)

Pga5RegsFile 
*          1    00005b40    0000000a     UNINITIALIZED
                  00005b40    0000000a     f28004x_globalvariabledefs.obj (Pga5RegsFile)

Pga6RegsFile 
*          1    00005b50    0000000a     UNINITIALIZED
                  00005b50    0000000a     f28004x_globalvariabledefs.obj (Pga6RegsFile)

Pga7RegsFile 
*          1    00005b60    0000000a     UNINITIALIZED
                  00005b60    0000000a     f28004x_globalvariabledefs.obj (Pga7RegsFile)

DacaRegsFile 
*          1    00005c00    00000007     UNINITIALIZED
                  00005c00    00000007     f28004x_globalvariabledefs.obj (DacaRegsFile)

DacbRegsFile 
*          1    00005c10    00000007     UNINITIALIZED
                  00005c10    00000007     f28004x_globalvariabledefs.obj (DacbRegsFile)

AdcaRegsFile 
*          1    00007400    00000076     UNINITIALIZED
                  00007400    00000076     f28004x_globalvariabledefs.obj (AdcaRegsFile)

AdcbRegsFile 
*          1    00007480    00000076     UNINITIALIZED
                  00007480    00000076     f28004x_globalvariabledefs.obj (AdcbRegsFile)

AdccRegsFile 
*          1    00007500    00000076     UNINITIALIZED
                  00007500    00000076     f28004x_globalvariabledefs.obj (AdccRegsFile)

CanaRegsFile 
*          1    00048000    00000164     UNINITIALIZED
                  00048000    00000164     f28004x_globalvariabledefs.obj (CanaRegsFile)

CanbRegsFile 
*          1    0004a000    00000164     UNINITIALIZED
                  0004a000    00000164     f28004x_globalvariabledefs.obj (CanbRegsFile)

AnalogSubsysRegsFile 
*          1    0005d700    00000090     UNINITIALIZED
                  0005d700    00000090     f28004x_globalvariabledefs.obj (AnalogSubsysRegsFile)

Cla1SoftIntRegsFile 
*          1    00000ce0    00000000     DSECT

ClaPromCrc0RegsFile 
*          1    000061c0    00000020     UNINITIALIZED
                  000061c0    00000020     f28004x_globalvariabledefs.obj (ClaPromCrc0RegsFile)

Cmpss1RegsFile 
*          1    00005c80    0000001b     UNINITIALIZED
                  00005c80    0000001b     f28004x_globalvariabledefs.obj (Cmpss1RegsFile)

Cmpss2RegsFile 
*          1    00005ca0    0000001b     UNINITIALIZED
                  00005ca0    0000001b     f28004x_globalvariabledefs.obj (Cmpss2RegsFile)

Cmpss3RegsFile 
*          1    00005cc0    0000001b     UNINITIALIZED
                  00005cc0    0000001b     f28004x_globalvariabledefs.obj (Cmpss3RegsFile)

Cmpss4RegsFile 
*          1    00005ce0    0000001b     UNINITIALIZED
                  00005ce0    0000001b     f28004x_globalvariabledefs.obj (Cmpss4RegsFile)

Cmpss5RegsFile 
*          1    00005d00    0000001b     UNINITIALIZED
                  00005d00    0000001b     f28004x_globalvariabledefs.obj (Cmpss5RegsFile)

Cmpss6RegsFile 
*          1    00005d20    0000001b     UNINITIALIZED
                  00005d20    0000001b     f28004x_globalvariabledefs.obj (Cmpss6RegsFile)

Cmpss7RegsFile 
*          1    00005d40    0000001b     UNINITIALIZED
                  00005d40    0000001b     f28004x_globalvariabledefs.obj (Cmpss7RegsFile)

Sdfm1RegsFile 
*          1    00005e00    00000050     UNINITIALIZED
                  00005e00    00000050     f28004x_globalvariabledefs.obj (Sdfm1RegsFile)

SpiaRegsFile 
*          1    00006100    00000010     UNINITIALIZED
                  00006100    00000010     f28004x_globalvariabledefs.obj (SpiaRegsFile)

SpibRegsFile 
*          1    00006110    00000010     UNINITIALIZED
                  00006110    00000010     f28004x_globalvariabledefs.obj (SpibRegsFile)

FsiTxaRegsFile 
*          1    00006600    00000050     UNINITIALIZED
                  00006600    00000050     f28004x_globalvariabledefs.obj (FsiTxaRegsFile)

FsiRxaRegsFile 
*          1    00006680    00000050     UNINITIALIZED
                  00006680    00000050     f28004x_globalvariabledefs.obj (FsiRxaRegsFile)

LinaRegsFile 
*          1    00006a00    000000ec     UNINITIALIZED
                  00006a00    000000ec     f28004x_globalvariabledefs.obj (LinaRegsFile)

WdRegsFile 
*          1    00007000    0000002b     UNINITIALIZED
                  00007000    0000002b     f28004x_globalvariabledefs.obj (WdRegsFile)

NmiIntruptRegsFile 
*          1    00007060    00000007     UNINITIALIZED
                  00007060    00000007     f28004x_globalvariabledefs.obj (NmiIntruptRegsFile)

XintRegsFile 
*          1    00007070    0000000b     UNINITIALIZED
                  00007070    0000000b     f28004x_globalvariabledefs.obj (XintRegsFile)

I2caRegsFile 
*          1    00007300    00000022     UNINITIALIZED
                  00007300    00000022     f28004x_globalvariabledefs.obj (I2caRegsFile)

InputXbarRegsFile 
*          1    00007900    00000020     UNINITIALIZED
                  00007900    00000020     f28004x_globalvariabledefs.obj (InputXbarRegsFile)

XbarRegsFile 
*          1    00007920    00000010     UNINITIALIZED
                  00007920    00000010     f28004x_globalvariabledefs.obj (XbarRegsFile)

SyncSocRegsFile 
*          1    00007940    00000006     UNINITIALIZED
                  00007940    00000006     f28004x_globalvariabledefs.obj (SyncSocRegsFile)

EPwmXbarRegsFile 
*          1    00007a00    00000040     UNINITIALIZED
                  00007a00    00000040     f28004x_globalvariabledefs.obj (EPwmXbarRegsFile)

OutputXbarRegsFile 
*          1    00007a80    00000040     UNINITIALIZED
                  00007a80    00000040     f28004x_globalvariabledefs.obj (OutputXbarRegsFile)

GpioCtrlRegsFile 
*          1    00007c00    00000200     UNINITIALIZED
                  00007c00    00000200     f28004x_globalvariabledefs.obj (GpioCtrlRegsFile)

GpioDataRegsFile 
*          1    00007f00    0000003a     UNINITIALIZED
                  00007f00    0000003a     f28004x_globalvariabledefs.obj (GpioDataRegsFile)

Dcc0RegsFile 
*          1    0005e700    0000002c     UNINITIALIZED
                  0005e700    0000002c     f28004x_globalvariabledefs.obj (Dcc0RegsFile)

EradGlobalRegsFile 
*          1    0005e800    0000000b     UNINITIALIZED
                  0005e800    0000000b     f28004x_globalvariabledefs.obj (EradGlobalRegsFile)

EradHWBP1RegsFile 
*          1    0005e900    00000008     UNINITIALIZED
                  0005e900    00000008     f28004x_globalvariabledefs.obj (EradHWBP1RegsFile)

EradHWBP2RegsFile 
*          1    0005e908    00000008     UNINITIALIZED
                  0005e908    00000008     f28004x_globalvariabledefs.obj (EradHWBP2RegsFile)

EradHWBP3RegsFile 
*          1    0005e910    00000008     UNINITIALIZED
                  0005e910    00000008     f28004x_globalvariabledefs.obj (EradHWBP3RegsFile)

EradHWBP4RegsFile 
*          1    0005e918    00000008     UNINITIALIZED
                  0005e918    00000008     f28004x_globalvariabledefs.obj (EradHWBP4RegsFile)

EradHWBP5RegsFile 
*          1    0005e920    00000008     UNINITIALIZED
                  0005e920    00000008     f28004x_globalvariabledefs.obj (EradHWBP5RegsFile)

EradHWBP6RegsFile 
*          1    0005e928    00000008     UNINITIALIZED
                  0005e928    00000008     f28004x_globalvariabledefs.obj (EradHWBP6RegsFile)

EradHWBP7RegsFile 
*          1    0005e930    00000008     UNINITIALIZED
                  0005e930    00000008     f28004x_globalvariabledefs.obj (EradHWBP7RegsFile)

EradHWBP8RegsFile 
*          1    0005e938    00000008     UNINITIALIZED
                  0005e938    00000008     f28004x_globalvariabledefs.obj (EradHWBP8RegsFile)

EradCounter1RegsFile 
*          1    0005e980    0000000a     UNINITIALIZED
                  0005e980    0000000a     f28004x_globalvariabledefs.obj (EradCounter1RegsFile)

EradCounter2RegsFile 
*          1    0005e990    0000000a     UNINITIALIZED
                  0005e990    0000000a     f28004x_globalvariabledefs.obj (EradCounter2RegsFile)

EradCounter3RegsFile 
*          1    0005e9a0    0000000a     UNINITIALIZED
                  0005e9a0    0000000a     f28004x_globalvariabledefs.obj (EradCounter3RegsFile)

EradCounter4RegsFile 
*          1    0005e9b0    0000000a     UNINITIALIZED
                  0005e9b0    0000000a     f28004x_globalvariabledefs.obj (EradCounter4RegsFile)

DcsmBank0Z1RegsFile 
*          1    0005f000    00000022     UNINITIALIZED
                  0005f000    00000022     f28004x_globalvariabledefs.obj (DcsmBank0Z1RegsFile)

DcsmBank0Z2RegsFile 
*          1    0005f040    00000022     UNINITIALIZED
                  0005f040    00000022     f28004x_globalvariabledefs.obj (DcsmBank0Z2RegsFile)

DcsmCommonRegsFile 
*          1    0005f070    00000010     UNINITIALIZED
                  0005f070    00000010     f28004x_globalvariabledefs.obj (DcsmCommonRegsFile)

DcsmBank1Z1RegsFile 
*          1    0005f100    00000020     UNINITIALIZED
                  0005f100    00000020     f28004x_globalvariabledefs.obj (DcsmBank1Z1RegsFile)

DcsmBank1Z2RegsFile 
*          1    0005f140    00000020     UNINITIALIZED
                  0005f140    00000020     f28004x_globalvariabledefs.obj (DcsmBank1Z2RegsFile)

Flash0CtrlRegsFile 
*          1    0005f800    00000182     UNINITIALIZED
                  0005f800    00000182     f28004x_globalvariabledefs.obj (Flash0CtrlRegsFile)

Flash0EccRegsFile 
*          1    0005fb00    00000028     UNINITIALIZED
                  0005fb00    00000028     f28004x_globalvariabledefs.obj (Flash0EccRegsFile)

MemCfgRegsFile 
*          1    0005f400    00000076     UNINITIALIZED
                  0005f400    00000076     f28004x_globalvariabledefs.obj (MemCfgRegsFile)

AccessProtectionRegsFile 
*          1    0005f4c0    0000002e     UNINITIALIZED
                  0005f4c0    0000002e     f28004x_globalvariabledefs.obj (AccessProtectionRegsFile)

MemoryErrorRegsFile 
*          1    0005f500    0000003a     UNINITIALIZED
                  0005f500    0000003a     f28004x_globalvariabledefs.obj (MemoryErrorRegsFile)

PmbusaRegsFile 
*          1    00006400    0000001e     UNINITIALIZED
                  00006400    0000001e     f28004x_globalvariabledefs.obj (PmbusaRegsFile)

SciaRegsFile 
*          1    00007200    00000010     UNINITIALIZED
                  00007200    00000010     f28004x_globalvariabledefs.obj (SciaRegsFile)

ScibRegsFile 
*          1    00007210    00000010     UNINITIALIZED
                  00007210    00000010     f28004x_globalvariabledefs.obj (ScibRegsFile)

DmaClaSrcSelRegsFile 
*          1    00007980    0000001a     UNINITIALIZED
                  00007980    0000001a     f28004x_globalvariabledefs.obj (DmaClaSrcSelRegsFile)

DevCfgRegsFile 
*          1    0005d000    00000132     UNINITIALIZED
                  0005d000    00000132     f28004x_globalvariabledefs.obj (DevCfgRegsFile)

ClkCfgRegsFile 
*          1    0005d200    00000034     UNINITIALIZED
                  0005d200    00000034     f28004x_globalvariabledefs.obj (ClkCfgRegsFile)

CpuSysRegsFile 
*          1    0005d300    00000082     UNINITIALIZED
                  0005d300    00000082     f28004x_globalvariabledefs.obj (CpuSysRegsFile)

SysPeriphAcRegsFile 
*          1    0005d500    00000200     UNINITIALIZED
                  0005d500    00000200     f28004x_globalvariabledefs.obj (SysPeriphAcRegsFile)

.pinit     0    00080004    00000000     UNINITIALIZED

.econst    0    00080c8c    000001c2     
                  00080c8c    000001c0     f28004x_pievect.obj (.econst:_PieVectTableInit)
                  00080e4c    00000002     RealTimeMachine.obj (.econst)

.ebss      1    0000c000    00000030     UNINITIALIZED
                  0000c000    00000018     f28004x_cputimers.obj (.ebss)
                  0000c018    00000006     RealTimeMachine.obj (.ebss)
                  0000c01e    00000006     rts2800_fpu32.lib : exit.c.obj (.ebss)
                  0000c024    00000004     ert_main.obj (.ebss)
                  0000c028    00000002     RealTimeMachine_data.obj (.ebss)
                  0000c02a    00000002     rts2800_fpu32.lib : _lock.c.obj (.ebss:__lock)
                  0000c02c    00000002                       : _lock.c.obj (.ebss:__unlock)
                  0000c02e    00000001     MW_c28xGPIO.obj (.ebss)
                  0000c02f    00000001     MW_c28xGlobalInterrupts.obj (.ebss)

.TI.ramfunc 
*          0    00080c3c    00000050     RUN ADDR = 0000a000
                  00080c3c    00000048     f28004x_sysctrl.obj (.TI.ramfunc)
                  00080c84    00000004     f28004x_usdelay.obj (.TI.ramfunc)
                  00080c88    00000004     sysctl.obj (.TI.ramfunc)

.reset     0    003fffc0    00000002     DSECT
                  003fffc0    00000002     rts2800_fpu32.lib : boot28.asm.obj (.reset)

.stack     1    00000400    00000400     UNINITIALIZED
                  00000400    00000400     --HOLE--

HRCap6RegsFile 
*          1    000000a8    00000016     UNINITIALIZED
                  000000a8    00000016     f28004x_globalvariabledefs.obj (HRCap6RegsFile)

HRCap7RegsFile 
*          1    000000c0    00000016     UNINITIALIZED
                  000000c0    00000016     f28004x_globalvariabledefs.obj (HRCap7RegsFile)

Clb1LogicCtrlRegsFile 
*          1    00001500    00000040     UNINITIALIZED
                  00001500    00000040     f28004x_globalvariabledefs.obj (Clb1LogicCtrlRegsFile)

Clb2LogicCtrlRegsFile 
*          1    00001540    00000040     UNINITIALIZED
                  00001540    00000040     f28004x_globalvariabledefs.obj (Clb2LogicCtrlRegsFile)

Clb3LogicCtrlRegsFile 
*          1    00006b00    00000040     UNINITIALIZED
                  00006b00    00000040     f28004x_globalvariabledefs.obj (Clb3LogicCtrlRegsFile)

Clb4LogicCtrlRegsFile 
*          1    00006b40    00000040     UNINITIALIZED
                  00006b40    00000040     f28004x_globalvariabledefs.obj (Clb4LogicCtrlRegsFile)

Clb1DataExchRegsFile 
*          1    00008000    00000108     UNINITIALIZED
                  00008000    00000108     f28004x_globalvariabledefs.obj (Clb1DataExchRegsFile)

Clb2DataExchRegsFile 
*          1    00008140    00000108     UNINITIALIZED
                  00008140    00000108     f28004x_globalvariabledefs.obj (Clb2DataExchRegsFile)

Clb3DataExchRegsFile 
*          1    00008280    00000108     UNINITIALIZED
                  00008280    00000108     f28004x_globalvariabledefs.obj (Clb3DataExchRegsFile)

Clb4DataExchRegsFile 
*          1    000083c0    00000108     UNINITIALIZED
                  000083c0    00000108     f28004x_globalvariabledefs.obj (Clb4DataExchRegsFile)

MODULE SUMMARY

       Module                              code   initialized data   uninitialized data
       ------                              ----   ----------------   ------------------
    .\
       f28004x_globalvariabledefs.obj      0      0                  9857              
       f28004x_defaultisr.obj              1203   0                  0                 
       f28004x_sysctrl.obj                 889    0                  0                 
       f28004x_pievect.obj                 38     448                0                 
       c28004xBoard_Realtime_Support.obj   245    0                  0                 
       f28004x_cputimers.obj               123    0                  24                
       c28004xSchedulerTimer0.obj          146    0                  0                 
       ert_main.obj                        93     8                  4                 
       RealTimeMachine.obj                 80     2                  6                 
       MW_c28xx_board.obj                  74     0                  0                 
       MW_c28xx_qep.obj                    74     0                  0                 
       f28004x_piectrl.obj                 40     0                  0                 
       MW_c28xx_xbar.obj                   20     0                  0                 
       MW_c28xGlobalInterrupts.obj         17     0                  1                 
       f28004x_codestartbranch.obj         10     0                  0                 
       f28004x_usdelay.obj                 8      0                  0                 
       sysctl.obj                          8      0                  0                 
       RealTimeMachine_data.obj            0      5                  2                 
       MW_c28xGPIO.obj                     0      4                  1                 
    +--+-----------------------------------+------+------------------+--------------------+
       Total:                              3068   467                9895              
                                                                                       
    C:/ti/ccs1040/ccs/tools/compiler/ti-cgt-c2000_20.2.5.LTS/lib/rts2800_fpu32.lib
       boot28.asm.obj                      86     0                  0                 
       exit.c.obj                          41     14                 6                 
       cpy_tbl.c.obj                       36     0                  0                 
       memcpy.c.obj                        29     0                  0                 
       _lock.c.obj                         9      10                 4                 
       args_main.c.obj                     18     0                  0                 
       pre_init.c.obj                      2      0                  0                 
       startup.c.obj                       1      0                  0                 
    +--+-----------------------------------+------+------------------+--------------------+
       Total:                              222    24                 10                
                                                                                       
       Stack:                              0      0                  1024              
    +--+-----------------------------------+------+------------------+--------------------+
       Grand Total:                        3290   491                10929             


GLOBAL DATA SYMBOLS: SORTED BY DATA PAGE

address     data page           name
--------    ----------------    ----
00000002       0 (00000000)     _AdcaResultRegs
0000001a       0 (00000000)     _AdcbResultRegs

00000040       1 (00000040)     _Clb1LogicCfgRegs

00000090       2 (00000080)     _AdccResultRegs
000000a8       2 (00000080)     _HRCap6Regs

000000c0       3 (000000c0)     _HRCap7Regs

00000400      10 (00000400)     __stack

00000c00      30 (00000c00)     _CpuTimer0Regs
00000c08      30 (00000c00)     _CpuTimer1Regs
00000c10      30 (00000c00)     _CpuTimer2Regs

00000ce0      33 (00000cc0)     _PieCtrlRegs

00000d00      34 (00000d00)     _PieVectTable

00000ec0      3b (00000ec0)     _CLBXbarRegs

00001000      40 (00001000)     _DmaRegs

00001100      44 (00001100)     _Clb2LogicCfgRegs

00001180      46 (00001180)     _Clb3LogicCfgRegs

00001400      50 (00001400)     _Cla1Regs

00001480      52 (00001480)     _Clb4LogicCfgRegs

00001500      54 (00001500)     _Clb1LogicCtrlRegs

00001540      55 (00001540)     _Clb2LogicCtrlRegs

00004000     100 (00004000)     _EPwm1Regs

00004100     104 (00004100)     _EPwm2Regs

00004200     108 (00004200)     _EPwm3Regs

00004300     10c (00004300)     _EPwm4Regs

00004400     110 (00004400)     _EPwm5Regs

00004500     114 (00004500)     _EPwm6Regs

00004600     118 (00004600)     _EPwm7Regs

00004700     11c (00004700)     _EPwm8Regs

00005100     144 (00005100)     _EQep1Regs

00005140     145 (00005140)     _EQep2Regs

00005200     148 (00005200)     _ECap1Regs

00005240     149 (00005240)     _ECap2Regs

00005280     14a (00005280)     _ECap3Regs

000052c0     14b (000052c0)     _ECap4Regs

00005300     14c (00005300)     _ECap5Regs

00005340     14d (00005340)     _ECap6Regs

00005380     14e (00005380)     _ECap7Regs

00005b00     16c (00005b00)     _Pga1Regs
00005b10     16c (00005b00)     _Pga2Regs
00005b20     16c (00005b00)     _Pga3Regs
00005b30     16c (00005b00)     _Pga4Regs

00005b40     16d (00005b40)     _Pga5Regs
00005b50     16d (00005b40)     _Pga6Regs
00005b60     16d (00005b40)     _Pga7Regs

00005c00     170 (00005c00)     _DacaRegs
00005c10     170 (00005c00)     _DacbRegs

00005c80     172 (00005c80)     _Cmpss1Regs
00005ca0     172 (00005c80)     _Cmpss2Regs

00005cc0     173 (00005cc0)     _Cmpss3Regs
00005ce0     173 (00005cc0)     _Cmpss4Regs

00005d00     174 (00005d00)     _Cmpss5Regs
00005d20     174 (00005d00)     _Cmpss6Regs

00005d40     175 (00005d40)     _Cmpss7Regs

00005e00     178 (00005e00)     _Sdfm1Regs

00006100     184 (00006100)     _SpiaRegs
00006110     184 (00006100)     _SpibRegs

000061c0     187 (000061c0)     _ClaPromCrc0Regs

00006400     190 (00006400)     _PmbusaRegs

00006600     198 (00006600)     _FsiTxaRegs

00006680     19a (00006680)     _FsiRxaRegs

00006a00     1a8 (00006a00)     _LinaRegs

00006b00     1ac (00006b00)     _Clb3LogicCtrlRegs

00006b40     1ad (00006b40)     _Clb4LogicCtrlRegs

00007000     1c0 (00007000)     _WdRegs

00007060     1c1 (00007040)     _NmiIntruptRegs
00007070     1c1 (00007040)     _XintRegs

00007200     1c8 (00007200)     _SciaRegs
00007210     1c8 (00007200)     _ScibRegs

00007300     1cc (00007300)     _I2caRegs

00007400     1d0 (00007400)     _AdcaRegs

00007480     1d2 (00007480)     _AdcbRegs

00007500     1d4 (00007500)     _AdccRegs

00007900     1e4 (00007900)     _InputXbarRegs
00007920     1e4 (00007900)     _XbarRegs

00007940     1e5 (00007940)     _SyncSocRegs

00007980     1e6 (00007980)     _DmaClaSrcSelRegs

00007a00     1e8 (00007a00)     _EPwmXbarRegs

00007a80     1ea (00007a80)     _OutputXbarRegs

00007c00     1f0 (00007c00)     _GpioCtrlRegs

00007f00     1fc (00007f00)     _GpioDataRegs

00008000     200 (00008000)     _Clb1DataExchRegs

00008140     205 (00008140)     _Clb2DataExchRegs

00008280     20a (00008280)     _Clb3DataExchRegs

000083c0     20f (000083c0)     _Clb4DataExchRegs

0000c000     300 (0000c000)     _CpuTimer0
0000c008     300 (0000c000)     _CpuTimer1
0000c010     300 (0000c000)     _CpuTimer2
0000c01a     300 (0000c000)     _RealTimeMachine_B
0000c01e     300 (0000c000)     ___TI_enable_exit_profile_output
0000c020     300 (0000c000)     ___TI_cleanup_ptr
0000c022     300 (0000c000)     ___TI_dtors_ptr
0000c024     300 (0000c000)     _IsrOverrun
0000c026     300 (0000c000)     _stopRequested
0000c027     300 (0000c000)     _runModel
0000c028     300 (0000c000)     _RealTimeMachine_P
0000c02a     300 (0000c000)     __lock
0000c02c     300 (0000c000)     __unlock
0000c02e     300 (0000c000)     _GPIO_oneTimeInit
0000c02f     300 (0000c000)     _MW_InterruptDisableLock

00048000    1200 (00048000)     _CanaRegs

0004a000    1280 (0004a000)     _CanbRegs

0005d000    1740 (0005d000)     _DevCfgRegs

0005d200    1748 (0005d200)     _ClkCfgRegs

0005d300    174c (0005d300)     _CpuSysRegs

0005d500    1754 (0005d500)     _SysPeriphAcRegs

0005d700    175c (0005d700)     _AnalogSubsysRegs

0005e700    179c (0005e700)     _Dcc0Regs

0005e800    17a0 (0005e800)     _EradGlobalRegs

0005e900    17a4 (0005e900)     _EradHWBP1Regs
0005e908    17a4 (0005e900)     _EradHWBP2Regs
0005e910    17a4 (0005e900)     _EradHWBP3Regs
0005e918    17a4 (0005e900)     _EradHWBP4Regs
0005e920    17a4 (0005e900)     _EradHWBP5Regs
0005e928    17a4 (0005e900)     _EradHWBP6Regs
0005e930    17a4 (0005e900)     _EradHWBP7Regs
0005e938    17a4 (0005e900)     _EradHWBP8Regs

0005e980    17a6 (0005e980)     _EradCounter1Regs
0005e990    17a6 (0005e980)     _EradCounter2Regs
0005e9a0    17a6 (0005e980)     _EradCounter3Regs
0005e9b0    17a6 (0005e980)     _EradCounter4Regs

0005f000    17c0 (0005f000)     _DcsmBank0Z1Regs

0005f040    17c1 (0005f040)     _DcsmBank0Z2Regs
0005f070    17c1 (0005f040)     _DcsmCommonRegs

0005f100    17c4 (0005f100)     _DcsmBank1Z1Regs

0005f140    17c5 (0005f140)     _DcsmBank1Z2Regs

0005f400    17d0 (0005f400)     _MemCfgRegs

0005f4c0    17d3 (0005f4c0)     _AccessProtectionRegs

0005f500    17d4 (0005f500)     _MemoryErrorRegs

0005f800    17e0 (0005f800)     _Flash0CtrlRegs

0005fb00    17ec (0005fb00)     _Flash0EccRegs

00080c8c    2032 (00080c80)     _PieVectTableInit

00080e4c    2039 (00080e40)     _RealTimeMachine_M


GLOBAL SYMBOLS: SORTED ALPHABETICALLY BY Name 

page  address   name                            
----  -------   ----                            
abs   ffffffff  .text                           
0     00080b39  C$$EXIT                         
0     000800c2  _ADCA1_ISR                      
0     000802e8  _ADCA2_ISR                      
0     000802f2  _ADCA3_ISR                      
0     000802fc  _ADCA4_ISR                      
0     000802de  _ADCA_EVT_ISR                   
0     000800cc  _ADCB1_ISR                      
0     00080310  _ADCB2_ISR                      
0     0008031a  _ADCB3_ISR                      
0     00080324  _ADCB4_ISR                      
0     00080306  _ADCB_EVT_ISR                   
0     000800d6  _ADCC1_ISR                      
0     0008043c  _ADCC2_ISR                      
0     00080446  _ADCC3_ISR                      
0     00080450  _ADCC4_ISR                      
0     00080432  _ADCC_EVT_ISR                   
1     0005f4c0  _AccessProtectionRegs           
1     00007400  _AdcaRegs                       
1     00000002  _AdcaResultRegs                 
1     00007480  _AdcbRegs                       
1     0000001a  _AdcbResultRegs                 
1     00007500  _AdccRegs                       
1     00000090  _AdccResultRegs                 
1     0005d700  _AnalogSubsysRegs               
0     000802b6  _CANA0_ISR                      
0     000802c0  _CANA1_ISR                      
0     000802ca  _CANB0_ISR                      
0     000802d4  _CANB1_ISR                      
0     0008040a  _CLA1PROMCRC_ISR                
0     0008032e  _CLA1_1_ISR                     
0     00080338  _CLA1_2_ISR                     
0     00080342  _CLA1_3_ISR                     
0     0008034c  _CLA1_4_ISR                     
0     00080356  _CLA1_5_ISR                     
0     00080360  _CLA1_6_ISR                     
0     0008036a  _CLA1_7_ISR                     
0     00080374  _CLA1_8_ISR                     
0     00080482  _CLA_OVERFLOW_ISR               
0     0008048c  _CLA_UNDERFLOW_ISR              
1     00000ec0  _CLBXbarRegs                    
1     00048000  _CanaRegs                       
1     0004a000  _CanbRegs                       
1     00001400  _Cla1Regs                       
0     0000a000  _Cla1funcsLoadEnd               
1     000061c0  _ClaPromCrc0Regs                
1     00008000  _Clb1DataExchRegs               
1     00000040  _Clb1LogicCfgRegs               
1     00001500  _Clb1LogicCtrlRegs              
1     00008140  _Clb2DataExchRegs               
1     00001100  _Clb2LogicCfgRegs               
1     00001540  _Clb2LogicCtrlRegs              
1     00008280  _Clb3DataExchRegs               
1     00001180  _Clb3LogicCfgRegs               
1     00006b00  _Clb3LogicCtrlRegs              
1     000083c0  _Clb4DataExchRegs               
1     00001480  _Clb4LogicCfgRegs               
1     00006b40  _Clb4LogicCtrlRegs              
1     0005d200  _ClkCfgRegs                     
1     00005c80  _Cmpss1Regs                     
1     00005ca0  _Cmpss2Regs                     
1     00005cc0  _Cmpss3Regs                     
1     00005ce0  _Cmpss4Regs                     
1     00005d00  _Cmpss5Regs                     
1     00005d20  _Cmpss6Regs                     
1     00005d40  _Cmpss7Regs                     
0     000808d6  _ConfigCpuTimer                 
1     0005d300  _CpuSysRegs                     
1     0000c000  _CpuTimer0                      
1     00000c00  _CpuTimer0Regs                  
1     0000c008  _CpuTimer1                      
1     00000c08  _CpuTimer1Regs                  
1     0000c010  _CpuTimer2                      
1     00000c10  _CpuTimer2Regs                  
0     00080645  _CsmUnlock                      
0     00080018  _DATALOG_ISR                    
0     0008023e  _DMA_CH1_ISR                    
0     00080248  _DMA_CH2_ISR                    
0     00080252  _DMA_CH3_ISR                    
0     0008025c  _DMA_CH4_ISR                    
0     00080266  _DMA_CH5_ISR                    
0     00080270  _DMA_CH6_ISR                    
1     00005c00  _DacaRegs                       
1     00005c10  _DacbRegs                       
1     0005e700  _Dcc0Regs                       
1     0005f000  _DcsmBank0Z1Regs                
1     0005f040  _DcsmBank0Z2Regs                
1     0005f100  _DcsmBank1Z1Regs                
1     0005f140  _DcsmBank1Z2Regs                
1     0005f070  _DcsmCommonRegs                 
1     0005d000  _DevCfgRegs                     
0     00080565  _DisableDog                     
0     0008053d  _DisablePeripheralClocks        
1     00007980  _DmaClaSrcSelRegs               
1     00001000  _DmaRegs                        
0     000801a8  _ECAP1_ISR                      
0     000801b2  _ECAP2_ISR                      
0     000801bc  _ECAP3_ISR                      
0     000801c6  _ECAP4_ISR                      
0     000801d0  _ECAP5_ISR                      
0     000801ee  _ECAP6_2_ISR                    
0     000801da  _ECAP6_ISR                      
0     000801f8  _ECAP7_2_ISR                    
0     000801e4  _ECAP7_ISR                      
1     00005200  _ECap1Regs                      
1     00005240  _ECap2Regs                      
1     00005280  _ECap3Regs                      
1     000052c0  _ECap4Regs                      
1     00005300  _ECap5Regs                      
1     00005340  _ECap6Regs                      
1     00005380  _ECap7Regs                      
0     000804a0  _EMPTY_ISR                      
0     0008002c  _EMU_ISR                        
0     00080158  _EPWM1_ISR                      
0     00080108  _EPWM1_TZ_ISR                   
0     00080162  _EPWM2_ISR                      
0     00080112  _EPWM2_TZ_ISR                   
0     0008016c  _EPWM3_ISR                      
0     0008011c  _EPWM3_TZ_ISR                   
0     00080176  _EPWM4_ISR                      
0     00080126  _EPWM4_TZ_ISR                   
0     00080180  _EPWM5_ISR                      
0     00080130  _EPWM5_TZ_ISR                   
0     0008018a  _EPWM6_ISR                      
0     0008013a  _EPWM6_TZ_ISR                   
0     00080194  _EPWM7_ISR                      
0     00080144  _EPWM7_TZ_ISR                   
0     0008019e  _EPWM8_ISR                      
0     0008014e  _EPWM8_TZ_ISR                   
1     00004000  _EPwm1Regs                      
1     00004100  _EPwm2Regs                      
1     00004200  _EPwm3Regs                      
1     00004300  _EPwm4Regs                      
1     00004400  _EPwm5Regs                      
1     00004500  _EPwm6Regs                      
1     00004600  _EPwm7Regs                      
1     00004700  _EPwm8Regs                      
1     00007a00  _EPwmXbarRegs                   
0     00080202  _EQEP1_ISR                      
0     0008020c  _EQEP2_ISR                      
1     00005100  _EQep1Regs                      
1     00005140  _EQep2Regs                      
0     00080b81  _EnableInterrupts               
1     0005e980  _EradCounter1Regs               
1     0005e990  _EradCounter2Regs               
1     0005e9a0  _EradCounter3Regs               
1     0005e9b0  _EradCounter4Regs               
1     0005e800  _EradGlobalRegs                 
1     0005e900  _EradHWBP1Regs                  
1     0005e908  _EradHWBP2Regs                  
1     0005e910  _EradHWBP3Regs                  
1     0005e918  _EradHWBP4Regs                  
1     0005e920  _EradHWBP5Regs                  
1     0005e928  _EradHWBP6Regs                  
1     0005e930  _EradHWBP7Regs                  
1     0005e938  _EradHWBP8Regs                  
0     0000a048  _F28x_usDelay                   
0     00080464  _FLASH_CORRECTABLE_ERROR_ISR    
0     0008039c  _FPU_OVERFLOW_ISR               
0     000803a6  _FPU_UNDERFLOW_ISR              
0     000803f6  _FSIRXA1_ISR                    
0     00080400  _FSIRXA2_ISR                    
0     000803e2  _FSITXA1_ISR                    
0     000803ec  _FSITXA2_ISR                    
1     0005f800  _Flash0CtrlRegs                 
1     0005fb00  _Flash0EccRegs                  
0     0000a03c  _FlashOff                       
1     00006680  _FsiRxaRegs                     
1     00006600  _FsiTxaRegs                     
1     0000c02e  _GPIO_oneTimeInit               
1     00007c00  _GpioCtrlRegs                   
1     00007f00  _GpioDataRegs                   
0     000806e0  _HALT                           
1     000000a8  _HRCap6Regs                     
1     000000c0  _HRCap7Regs                     
0     00080284  _I2CA_FIFO_ISR                  
0     0008027a  _I2CA_ISR                       
1     00007300  _I2caRegs                       
0     000806d7  _IDLE                           
0     00080040  _ILLEGAL_ISR                    
0     00080895  _InitCpuTimers                  
0     0000a000  _InitFlash                      
0     000804c5  _InitPeripheralClocks           
0     00080b62  _InitPieCtrl                    
0     00080b8a  _InitPieVectTable               
0     000804b7  _InitSysCtrl                    
0     00080573  _InitSysPll                     
1     00007900  _InputXbarRegs                  
0     000806f1  _IsPLLValid                     
1     0000c024  _IsrOverrun                     
0     00080414  _LINA_0_ISR                     
0     0008041e  _LINA_1_ISR                     
1     00006a00  _LinaRegs                       
0     000807b7  _MW_InitSysPll                  
1     0000c02f  _MW_InterruptDisableLock        
abs   00000000  _MW_RamfuncsLoadSize            
0     0000a000  _MW_RamfuncsLoadStart           
0     0000a000  _MW_RamfuncsRunStart            
1     0005f400  _MemCfgRegs                     
1     0005f500  _MemoryErrorRegs                
0     00080036  _NMI_ISR                        
0     000804ad  _NOTUSED_ISR                    
1     00007060  _NmiIntruptRegs                 
1     00007a80  _OutputXbarRegs                 
0     00080496  _PIE_RESERVED_ISR               
0     00080428  _PMBUSA_ISR                     
1     00005b00  _Pga1Regs                       
1     00005b10  _Pga2Regs                       
1     00005b20  _Pga3Regs                       
1     00005b30  _Pga4Regs                       
1     00005b40  _Pga5Regs                       
1     00005b50  _Pga6Regs                       
1     00005b60  _Pga7Regs                       
1     00000ce0  _PieCtrlRegs                    
1     00000d00  _PieVectTable                   
0     00080c8c  _PieVectTableInit               
1     00006400  _PmbusaRegs                     
0     0008046e  _RAM_ACCESS_VIOLATION_ISR       
0     0008045a  _RAM_CORRECTABLE_ERROR_ISR      
0     00080022  _RTOS_ISR                       
0     00080c8c  _RamfuncsLoadEnd                
abs   00000050  _RamfuncsLoadSize               
0     00080c3c  _RamfuncsLoadStart              
0     0000a050  _RamfuncsRunEnd                 
abs   00000050  _RamfuncsRunSize                
0     0000a000  _RamfuncsRunStart               
1     0000c01a  _RealTimeMachine_B              
0     00080e4c  _RealTimeMachine_M              
1     0000c028  _RealTimeMachine_P              
0     000809e8  _RealTimeMachine_initialize     
0     000809c3  _RealTimeMachine_step           
0     00080a12  _RealTimeMachine_terminate      
0     0008028e  _SCIA_RX_ISR                    
0     00080298  _SCIA_TX_ISR                    
0     000802a2  _SCIB_RX_ISR                    
0     000802ac  _SCIB_TX_ISR                    
0     000803ba  _SD1DR1_ISR                     
0     000803c4  _SD1DR2_ISR                     
0     000803ce  _SD1DR3_ISR                     
0     000803d8  _SD1DR4_ISR                     
0     000803b0  _SD1_ISR                        
0     00080216  _SPIA_RX_ISR                    
0     00080220  _SPIA_TX_ISR                    
0     0008022a  _SPIB_RX_ISR                    
0     00080234  _SPIB_TX_ISR                    
0     00080478  _SYS_PLL_SLIP_ISR               
1     00007200  _SciaRegs                       
1     00007210  _ScibRegs                       
1     00005e00  _Sdfm1Regs                      
0     00080557  _ServiceDog                     
1     00006100  _SpiaRegs                       
1     00006110  _SpibRegs                       
1     00007940  _SyncSocRegs                    
0     0000a04c  _SysCtl_delay                   
0     00080666  _SysIntOsc1Sel                  
0     00080672  _SysIntOsc2Sel                  
1     0005d500  _SysPeriphAcRegs                
0     000806c1  _SysXtalOscSESel                
0     0008069e  _SysXtalOscSel                  
0     000800f4  _TIMER0_ISR                     
0     00080004  _TIMER1_ISR                     
0     0008000e  _TIMER2_ISR                     
0     00080af5  _TINT0_isr                      
0     000800a4  _USER10_ISR                     
0     000800ae  _USER11_ISR                     
0     000800b8  _USER12_ISR                     
0     0008004a  _USER1_ISR                      
0     00080054  _USER2_ISR                      
0     0008005e  _USER3_ISR                      
0     00080068  _USER4_ISR                      
0     00080072  _USER5_ISR                      
0     0008007c  _USER6_ISR                      
0     00080086  _USER7_ISR                      
0     00080090  _USER8_ISR                      
0     0008009a  _USER9_ISR                      
0     000800fe  _WAKE_ISR                       
1     00007000  _WdRegs                         
0     000800e0  _XINT1_ISR                      
0     000800ea  _XINT2_ISR                      
0     0008037e  _XINT3_ISR                      
0     00080388  _XINT4_ISR                      
0     00080392  _XINT5_ISR                      
1     00007920  _XbarRegs                       
1     00007070  _XintRegs                       
1     00000800  __STACK_END                     
abs   00000400  __STACK_SIZE                    
1     0000c020  ___TI_cleanup_ptr               
1     0000c022  ___TI_dtors_ptr                 
1     0000c01e  ___TI_enable_exit_profile_output
abs   ffffffff  ___TI_pprof_out_hndl            
abs   ffffffff  ___TI_prof_data_size            
abs   ffffffff  ___TI_prof_data_start           
abs   ffffffff  ___binit__                      
abs   ffffffff  ___c_args__                     
0     00080e50  ___cinit__                      
abs   ffffffff  ___etext__                      
abs   ffffffff  ___pinit__                      
abs   ffffffff  ___text__                       
0     00080c05  __args_main                     
1     0000c02a  __lock                          
0     00080c30  __nop                           
0     00080c2c  __register_lock                 
0     00080c28  __register_unlock               
1     00000400  __stack                         
0     00080c3b  __system_post_cinit             
0     00080c39  __system_pre_init               
1     0000c02c  __unlock                        
0     00080b39  _abort                          
0     000807a0  _c2000_flash_init               
0     0008096d  _c_int00                        
0     00080aab  _config_QEP_eQEP1               
0     00080bf1  _configureIXbar                 
0     00080a13  _configureTimer0                
0     00080bb0  _copy_in                        
0     00080a40  _disableTimer0Interrupt         
0     00080a38  _enableTimer0Interrupt          
0     00080b3b  _exit                           
0     00080c1f  _globalInterruptDisable         
0     00080c17  _globalInterruptEnable          
0     00080a61  _init_board                     
0     00080924  _main                           
0     00080bd4  _memcpy                         
0     00080a56  _restoreTimer0Interrupt         
0     00080910  _rt_OneStep                     
1     0000c027  _runModel                       
1     0000c026  _stopRequested                  
abs   ffffffff  binit                           
0     00080e50  cinit                           
0     00080000  code_start                      
abs   ffffffff  etext                           
abs   ffffffff  pinit                           


GLOBAL SYMBOLS: SORTED BY Symbol Address 

page  address   name                            
----  -------   ----                            
0     0000a000  _Cla1funcsLoadEnd               
0     0000a000  _InitFlash                      
0     0000a000  _MW_RamfuncsLoadStart           
0     0000a000  _MW_RamfuncsRunStart            
0     0000a000  _RamfuncsRunStart               
0     0000a03c  _FlashOff                       
0     0000a048  _F28x_usDelay                   
0     0000a04c  _SysCtl_delay                   
0     0000a050  _RamfuncsRunEnd                 
0     00080000  code_start                      
0     00080004  _TIMER1_ISR                     
0     0008000e  _TIMER2_ISR                     
0     00080018  _DATALOG_ISR                    
0     00080022  _RTOS_ISR                       
0     0008002c  _EMU_ISR                        
0     00080036  _NMI_ISR                        
0     00080040  _ILLEGAL_ISR                    
0     0008004a  _USER1_ISR                      
0     00080054  _USER2_ISR                      
0     0008005e  _USER3_ISR                      
0     00080068  _USER4_ISR                      
0     00080072  _USER5_ISR                      
0     0008007c  _USER6_ISR                      
0     00080086  _USER7_ISR                      
0     00080090  _USER8_ISR                      
0     0008009a  _USER9_ISR                      
0     000800a4  _USER10_ISR                     
0     000800ae  _USER11_ISR                     
0     000800b8  _USER12_ISR                     
0     000800c2  _ADCA1_ISR                      
0     000800cc  _ADCB1_ISR                      
0     000800d6  _ADCC1_ISR                      
0     000800e0  _XINT1_ISR                      
0     000800ea  _XINT2_ISR                      
0     000800f4  _TIMER0_ISR                     
0     000800fe  _WAKE_ISR                       
0     00080108  _EPWM1_TZ_ISR                   
0     00080112  _EPWM2_TZ_ISR                   
0     0008011c  _EPWM3_TZ_ISR                   
0     00080126  _EPWM4_TZ_ISR                   
0     00080130  _EPWM5_TZ_ISR                   
0     0008013a  _EPWM6_TZ_ISR                   
0     00080144  _EPWM7_TZ_ISR                   
0     0008014e  _EPWM8_TZ_ISR                   
0     00080158  _EPWM1_ISR                      
0     00080162  _EPWM2_ISR                      
0     0008016c  _EPWM3_ISR                      
0     00080176  _EPWM4_ISR                      
0     00080180  _EPWM5_ISR                      
0     0008018a  _EPWM6_ISR                      
0     00080194  _EPWM7_ISR                      
0     0008019e  _EPWM8_ISR                      
0     000801a8  _ECAP1_ISR                      
0     000801b2  _ECAP2_ISR                      
0     000801bc  _ECAP3_ISR                      
0     000801c6  _ECAP4_ISR                      
0     000801d0  _ECAP5_ISR                      
0     000801da  _ECAP6_ISR                      
0     000801e4  _ECAP7_ISR                      
0     000801ee  _ECAP6_2_ISR                    
0     000801f8  _ECAP7_2_ISR                    
0     00080202  _EQEP1_ISR                      
0     0008020c  _EQEP2_ISR                      
0     00080216  _SPIA_RX_ISR                    
0     00080220  _SPIA_TX_ISR                    
0     0008022a  _SPIB_RX_ISR                    
0     00080234  _SPIB_TX_ISR                    
0     0008023e  _DMA_CH1_ISR                    
0     00080248  _DMA_CH2_ISR                    
0     00080252  _DMA_CH3_ISR                    
0     0008025c  _DMA_CH4_ISR                    
0     00080266  _DMA_CH5_ISR                    
0     00080270  _DMA_CH6_ISR                    
0     0008027a  _I2CA_ISR                       
0     00080284  _I2CA_FIFO_ISR                  
0     0008028e  _SCIA_RX_ISR                    
0     00080298  _SCIA_TX_ISR                    
0     000802a2  _SCIB_RX_ISR                    
0     000802ac  _SCIB_TX_ISR                    
0     000802b6  _CANA0_ISR                      
0     000802c0  _CANA1_ISR                      
0     000802ca  _CANB0_ISR                      
0     000802d4  _CANB1_ISR                      
0     000802de  _ADCA_EVT_ISR                   
0     000802e8  _ADCA2_ISR                      
0     000802f2  _ADCA3_ISR                      
0     000802fc  _ADCA4_ISR                      
0     00080306  _ADCB_EVT_ISR                   
0     00080310  _ADCB2_ISR                      
0     0008031a  _ADCB3_ISR                      
0     00080324  _ADCB4_ISR                      
0     0008032e  _CLA1_1_ISR                     
0     00080338  _CLA1_2_ISR                     
0     00080342  _CLA1_3_ISR                     
0     0008034c  _CLA1_4_ISR                     
0     00080356  _CLA1_5_ISR                     
0     00080360  _CLA1_6_ISR                     
0     0008036a  _CLA1_7_ISR                     
0     00080374  _CLA1_8_ISR                     
0     0008037e  _XINT3_ISR                      
0     00080388  _XINT4_ISR                      
0     00080392  _XINT5_ISR                      
0     0008039c  _FPU_OVERFLOW_ISR               
0     000803a6  _FPU_UNDERFLOW_ISR              
0     000803b0  _SD1_ISR                        
0     000803ba  _SD1DR1_ISR                     
0     000803c4  _SD1DR2_ISR                     
0     000803ce  _SD1DR3_ISR                     
0     000803d8  _SD1DR4_ISR                     
0     000803e2  _FSITXA1_ISR                    
0     000803ec  _FSITXA2_ISR                    
0     000803f6  _FSIRXA1_ISR                    
0     00080400  _FSIRXA2_ISR                    
0     0008040a  _CLA1PROMCRC_ISR                
0     00080414  _LINA_0_ISR                     
0     0008041e  _LINA_1_ISR                     
0     00080428  _PMBUSA_ISR                     
0     00080432  _ADCC_EVT_ISR                   
0     0008043c  _ADCC2_ISR                      
0     00080446  _ADCC3_ISR                      
0     00080450  _ADCC4_ISR                      
0     0008045a  _RAM_CORRECTABLE_ERROR_ISR      
0     00080464  _FLASH_CORRECTABLE_ERROR_ISR    
0     0008046e  _RAM_ACCESS_VIOLATION_ISR       
0     00080478  _SYS_PLL_SLIP_ISR               
0     00080482  _CLA_OVERFLOW_ISR               
0     0008048c  _CLA_UNDERFLOW_ISR              
0     00080496  _PIE_RESERVED_ISR               
0     000804a0  _EMPTY_ISR                      
0     000804ad  _NOTUSED_ISR                    
0     000804b7  _InitSysCtrl                    
0     000804c5  _InitPeripheralClocks           
0     0008053d  _DisablePeripheralClocks        
0     00080557  _ServiceDog                     
0     00080565  _DisableDog                     
0     00080573  _InitSysPll                     
0     00080645  _CsmUnlock                      
0     00080666  _SysIntOsc1Sel                  
0     00080672  _SysIntOsc2Sel                  
0     0008069e  _SysXtalOscSel                  
0     000806c1  _SysXtalOscSESel                
0     000806d7  _IDLE                           
0     000806e0  _HALT                           
0     000806f1  _IsPLLValid                     
0     000807a0  _c2000_flash_init               
0     000807b7  _MW_InitSysPll                  
0     00080895  _InitCpuTimers                  
0     000808d6  _ConfigCpuTimer                 
0     00080910  _rt_OneStep                     
0     00080924  _main                           
0     0008096d  _c_int00                        
0     000809c3  _RealTimeMachine_step           
0     000809e8  _RealTimeMachine_initialize     
0     00080a12  _RealTimeMachine_terminate      
0     00080a13  _configureTimer0                
0     00080a38  _enableTimer0Interrupt          
0     00080a40  _disableTimer0Interrupt         
0     00080a56  _restoreTimer0Interrupt         
0     00080a61  _init_board                     
0     00080aab  _config_QEP_eQEP1               
0     00080af5  _TINT0_isr                      
0     00080b39  C$$EXIT                         
0     00080b39  _abort                          
0     00080b3b  _exit                           
0     00080b62  _InitPieCtrl                    
0     00080b81  _EnableInterrupts               
0     00080b8a  _InitPieVectTable               
0     00080bb0  _copy_in                        
0     00080bd4  _memcpy                         
0     00080bf1  _configureIXbar                 
0     00080c05  __args_main                     
0     00080c17  _globalInterruptEnable          
0     00080c1f  _globalInterruptDisable         
0     00080c28  __register_unlock               
0     00080c2c  __register_lock                 
0     00080c30  __nop                           
0     00080c39  __system_pre_init               
0     00080c3b  __system_post_cinit             
0     00080c3c  _RamfuncsLoadStart              
0     00080c8c  _PieVectTableInit               
0     00080c8c  _RamfuncsLoadEnd                
0     00080e4c  _RealTimeMachine_M              
0     00080e50  ___cinit__                      
0     00080e50  cinit                           
1     00000002  _AdcaResultRegs                 
1     0000001a  _AdcbResultRegs                 
1     00000040  _Clb1LogicCfgRegs               
1     00000090  _AdccResultRegs                 
1     000000a8  _HRCap6Regs                     
1     000000c0  _HRCap7Regs                     
1     00000400  __stack                         
1     00000800  __STACK_END                     
1     00000c00  _CpuTimer0Regs                  
1     00000c08  _CpuTimer1Regs                  
1     00000c10  _CpuTimer2Regs                  
1     00000ce0  _PieCtrlRegs                    
1     00000d00  _PieVectTable                   
1     00000ec0  _CLBXbarRegs                    
1     00001000  _DmaRegs                        
1     00001100  _Clb2LogicCfgRegs               
1     00001180  _Clb3LogicCfgRegs               
1     00001400  _Cla1Regs                       
1     00001480  _Clb4LogicCfgRegs               
1     00001500  _Clb1LogicCtrlRegs              
1     00001540  _Clb2LogicCtrlRegs              
1     00004000  _EPwm1Regs                      
1     00004100  _EPwm2Regs                      
1     00004200  _EPwm3Regs                      
1     00004300  _EPwm4Regs                      
1     00004400  _EPwm5Regs                      
1     00004500  _EPwm6Regs                      
1     00004600  _EPwm7Regs                      
1     00004700  _EPwm8Regs                      
1     00005100  _EQep1Regs                      
1     00005140  _EQep2Regs                      
1     00005200  _ECap1Regs                      
1     00005240  _ECap2Regs                      
1     00005280  _ECap3Regs                      
1     000052c0  _ECap4Regs                      
1     00005300  _ECap5Regs                      
1     00005340  _ECap6Regs                      
1     00005380  _ECap7Regs                      
1     00005b00  _Pga1Regs                       
1     00005b10  _Pga2Regs                       
1     00005b20  _Pga3Regs                       
1     00005b30  _Pga4Regs                       
1     00005b40  _Pga5Regs                       
1     00005b50  _Pga6Regs                       
1     00005b60  _Pga7Regs                       
1     00005c00  _DacaRegs                       
1     00005c10  _DacbRegs                       
1     00005c80  _Cmpss1Regs                     
1     00005ca0  _Cmpss2Regs                     
1     00005cc0  _Cmpss3Regs                     
1     00005ce0  _Cmpss4Regs                     
1     00005d00  _Cmpss5Regs                     
1     00005d20  _Cmpss6Regs                     
1     00005d40  _Cmpss7Regs                     
1     00005e00  _Sdfm1Regs                      
1     00006100  _SpiaRegs                       
1     00006110  _SpibRegs                       
1     000061c0  _ClaPromCrc0Regs                
1     00006400  _PmbusaRegs                     
1     00006600  _FsiTxaRegs                     
1     00006680  _FsiRxaRegs                     
1     00006a00  _LinaRegs                       
1     00006b00  _Clb3LogicCtrlRegs              
1     00006b40  _Clb4LogicCtrlRegs              
1     00007000  _WdRegs                         
1     00007060  _NmiIntruptRegs                 
1     00007070  _XintRegs                       
1     00007200  _SciaRegs                       
1     00007210  _ScibRegs                       
1     00007300  _I2caRegs                       
1     00007400  _AdcaRegs                       
1     00007480  _AdcbRegs                       
1     00007500  _AdccRegs                       
1     00007900  _InputXbarRegs                  
1     00007920  _XbarRegs                       
1     00007940  _SyncSocRegs                    
1     00007980  _DmaClaSrcSelRegs               
1     00007a00  _EPwmXbarRegs                   
1     00007a80  _OutputXbarRegs                 
1     00007c00  _GpioCtrlRegs                   
1     00007f00  _GpioDataRegs                   
1     00008000  _Clb1DataExchRegs               
1     00008140  _Clb2DataExchRegs               
1     00008280  _Clb3DataExchRegs               
1     000083c0  _Clb4DataExchRegs               
1     0000c000  _CpuTimer0                      
1     0000c008  _CpuTimer1                      
1     0000c010  _CpuTimer2                      
1     0000c01a  _RealTimeMachine_B              
1     0000c01e  ___TI_enable_exit_profile_output
1     0000c020  ___TI_cleanup_ptr               
1     0000c022  ___TI_dtors_ptr                 
1     0000c024  _IsrOverrun                     
1     0000c026  _stopRequested                  
1     0000c027  _runModel                       
1     0000c028  _RealTimeMachine_P              
1     0000c02a  __lock                          
1     0000c02c  __unlock                        
1     0000c02e  _GPIO_oneTimeInit               
1     0000c02f  _MW_InterruptDisableLock        
1     00048000  _CanaRegs                       
1     0004a000  _CanbRegs                       
1     0005d000  _DevCfgRegs                     
1     0005d200  _ClkCfgRegs                     
1     0005d300  _CpuSysRegs                     
1     0005d500  _SysPeriphAcRegs                
1     0005d700  _AnalogSubsysRegs               
1     0005e700  _Dcc0Regs                       
1     0005e800  _EradGlobalRegs                 
1     0005e900  _EradHWBP1Regs                  
1     0005e908  _EradHWBP2Regs                  
1     0005e910  _EradHWBP3Regs                  
1     0005e918  _EradHWBP4Regs                  
1     0005e920  _EradHWBP5Regs                  
1     0005e928  _EradHWBP6Regs                  
1     0005e930  _EradHWBP7Regs                  
1     0005e938  _EradHWBP8Regs                  
1     0005e980  _EradCounter1Regs               
1     0005e990  _EradCounter2Regs               
1     0005e9a0  _EradCounter3Regs               
1     0005e9b0  _EradCounter4Regs               
1     0005f000  _DcsmBank0Z1Regs                
1     0005f040  _DcsmBank0Z2Regs                
1     0005f070  _DcsmCommonRegs                 
1     0005f100  _DcsmBank1Z1Regs                
1     0005f140  _DcsmBank1Z2Regs                
1     0005f400  _MemCfgRegs                     
1     0005f4c0  _AccessProtectionRegs           
1     0005f500  _MemoryErrorRegs                
1     0005f800  _Flash0CtrlRegs                 
1     0005fb00  _Flash0EccRegs                  
abs   00000000  _MW_RamfuncsLoadSize            
abs   00000050  _RamfuncsLoadSize               
abs   00000050  _RamfuncsRunSize                
abs   00000400  __STACK_SIZE                    
abs   ffffffff  .text                           
abs   ffffffff  ___TI_pprof_out_hndl            
abs   ffffffff  ___TI_prof_data_size            
abs   ffffffff  ___TI_prof_data_start           
abs   ffffffff  ___binit__                      
abs   ffffffff  ___c_args__                     
abs   ffffffff  ___etext__                      
abs   ffffffff  ___pinit__                      
abs   ffffffff  ___text__                       
abs   ffffffff  binit                           
abs   ffffffff  etext                           
abs   ffffffff  pinit                           

[331 symbols]
