<?xml version="1.0" encoding="ISO-8859-1" ?>
<link_info>
   <banner>TMS320C2000 Linker PC v20.2.5.LTS</banner>
   <copyright>Copyright (c) 1996-2018 Texas Instruments Incorporated</copyright>
   <link_time>0x618054b8</link_time>
   <link_errors>0x0</link_errors>
   <output_file>ELS.out</output_file>
   <entry_point>
      <name>_c_int00</name>
      <address>0x9058</address>
   </entry_point>
   <input_file_list>
      <input_file id="fl-3">
         <path>.\</path>
         <kind>object</kind>
         <file>RealTimeMachine.obj</file>
         <name>RealTimeMachine.obj</name>
      </input_file>
      <input_file id="fl-4">
         <path>.\</path>
         <kind>object</kind>
         <file>StepperRTM.obj</file>
         <name>StepperRTM.obj</name>
      </input_file>
      <input_file id="fl-5">
         <path>.\</path>
         <kind>object</kind>
         <file>main.obj</file>
         <name>main.obj</name>
      </input_file>
      <input_file id="fl-6">
         <path>.\common\source\</path>
         <kind>object</kind>
         <file>f28004x_adc.obj</file>
         <name>f28004x_adc.obj</name>
      </input_file>
      <input_file id="fl-8">
         <path>.\common\source\</path>
         <kind>object</kind>
         <file>f28004x_cputimers.obj</file>
         <name>f28004x_cputimers.obj</name>
      </input_file>
      <input_file id="fl-d">
         <path>.\common\source\</path>
         <kind>object</kind>
         <file>f28004x_gpio.obj</file>
         <name>f28004x_gpio.obj</name>
      </input_file>
      <input_file id="fl-f">
         <path>.\common\source\</path>
         <kind>object</kind>
         <file>f28004x_pievect.obj</file>
         <name>f28004x_pievect.obj</name>
      </input_file>
      <input_file id="fl-10">
         <path>.\common\source\</path>
         <kind>object</kind>
         <file>f28004x_spi.obj</file>
         <name>f28004x_spi.obj</name>
      </input_file>
      <input_file id="fl-13">
         <path>.\headers\source\</path>
         <kind>object</kind>
         <file>f28004x_globalvariabledefs.obj</file>
         <name>f28004x_globalvariabledefs.obj</name>
      </input_file>
      <input_file id="fl-24">
         <path>C:\ti\ccs1040\ccs\tools\compiler\ti-cgt-c2000_20.2.5.LTS\lib\</path>
         <kind>archive</kind>
         <file>rts2800_fpu32.lib</file>
         <name>s_ceilf.c.obj</name>
      </input_file>
      <input_file id="fl-25">
         <path>C:\ti\ccs1040\ccs\tools\compiler\ti-cgt-c2000_20.2.5.LTS\lib\</path>
         <kind>archive</kind>
         <file>rts2800_fpu32.lib</file>
         <name>s_floorf.c.obj</name>
      </input_file>
      <input_file id="fl-28">
         <path>C:\ti\ccs1040\ccs\tools\compiler\ti-cgt-c2000_20.2.5.LTS\lib\</path>
         <kind>archive</kind>
         <file>rts2800_fpu32.lib</file>
         <name>cpy_tbl.c.obj</name>
      </input_file>
      <input_file id="fl-29">
         <path>C:\ti\ccs1040\ccs\tools\compiler\ti-cgt-c2000_20.2.5.LTS\lib\</path>
         <kind>archive</kind>
         <file>rts2800_fpu32.lib</file>
         <name>memcpy.c.obj</name>
      </input_file>
      <input_file id="fl-2a">
         <path>C:\ti\ccs1040\ccs\tools\compiler\ti-cgt-c2000_20.2.5.LTS\lib\</path>
         <kind>archive</kind>
         <file>rts2800_fpu32.lib</file>
         <name>pre_init.c.obj</name>
      </input_file>
      <input_file id="fl-2d">
         <path>C:\ti\ccs1040\ccs\tools\compiler\ti-cgt-c2000_20.2.5.LTS\lib\</path>
         <kind>archive</kind>
         <file>rts2800_fpu32.lib</file>
         <name>_lock.c.obj</name>
      </input_file>
      <input_file id="fl-2f">
         <path>C:\ti\ccs1040\ccs\tools\compiler\ti-cgt-c2000_20.2.5.LTS\lib\</path>
         <kind>archive</kind>
         <file>rts2800_fpu32.lib</file>
         <name>memset.c.obj</name>
      </input_file>
      <input_file id="fl-30">
         <path>C:\Users\lu\AppData\Local\Temp\</path>
         <kind>object</kind>
         <file>{B1CF95D9-39B7-44C8-8E3E-406872FEC7EA}</file>
         <name>{B1CF95D9-39B7-44C8-8E3E-406872FEC7EA}</name>
      </input_file>
      <input_file id="fl-2">
         <path>.\</path>
         <kind>object</kind>
         <file>Configuration.obj</file>
         <name>Configuration.obj</name>
      </input_file>
      <input_file id="fl-7">
         <path>.\common\source\</path>
         <kind>object</kind>
         <file>f28004x_codestartbranch.obj</file>
         <name>f28004x_codestartbranch.obj</name>
      </input_file>
      <input_file id="fl-9">
         <path>.\common\source\</path>
         <kind>object</kind>
         <file>f28004x_dcsm_z1otp.obj</file>
         <name>f28004x_dcsm_z1otp.obj</name>
      </input_file>
      <input_file id="fl-a">
         <path>.\common\source\</path>
         <kind>object</kind>
         <file>f28004x_dcsm_z2otp.obj</file>
         <name>f28004x_dcsm_z2otp.obj</name>
      </input_file>
      <input_file id="fl-b">
         <path>.\common\source\</path>
         <kind>object</kind>
         <file>f28004x_defaultisr.obj</file>
         <name>f28004x_defaultisr.obj</name>
      </input_file>
      <input_file id="fl-c">
         <path>.\common\source\</path>
         <kind>object</kind>
         <file>f28004x_dma.obj</file>
         <name>f28004x_dma.obj</name>
      </input_file>
      <input_file id="fl-e">
         <path>.\common\source\</path>
         <kind>object</kind>
         <file>f28004x_piectrl.obj</file>
         <name>f28004x_piectrl.obj</name>
      </input_file>
      <input_file id="fl-11">
         <path>.\common\source\</path>
         <kind>object</kind>
         <file>f28004x_sysctrl.obj</file>
         <name>f28004x_sysctrl.obj</name>
      </input_file>
      <input_file id="fl-12">
         <path>.\common\source\</path>
         <kind>object</kind>
         <file>f28004x_usdelay.obj</file>
         <name>f28004x_usdelay.obj</name>
      </input_file>
      <input_file id="fl-18">
         <kind>object</kind>
         <file>&lt;internal&gt;</file>
         <name>&lt;internal&gt;</name>
      </input_file>
      <input_file id="fl-26">
         <path>C:\ti\ccs1040\ccs\tools\compiler\ti-cgt-c2000_20.2.5.LTS\lib\</path>
         <kind>archive</kind>
         <file>rts2800_fpu32.lib</file>
         <name>boot28.asm.obj</name>
      </input_file>
      <input_file id="fl-27">
         <path>C:\ti\ccs1040\ccs\tools\compiler\ti-cgt-c2000_20.2.5.LTS\lib\</path>
         <kind>archive</kind>
         <file>rts2800_fpu32.lib</file>
         <name>ll_cmp28.asm.obj</name>
      </input_file>
      <input_file id="fl-2b">
         <path>C:\ti\ccs1040\ccs\tools\compiler\ti-cgt-c2000_20.2.5.LTS\lib\</path>
         <kind>archive</kind>
         <file>rts2800_fpu32.lib</file>
         <name>startup.c.obj</name>
      </input_file>
      <input_file id="fl-2c">
         <path>C:\ti\ccs1040\ccs\tools\compiler\ti-cgt-c2000_20.2.5.LTS\lib\</path>
         <kind>archive</kind>
         <file>rts2800_fpu32.lib</file>
         <name>exit.c.obj</name>
      </input_file>
      <input_file id="fl-2e">
         <path>C:\ti\ccs1040\ccs\tools\compiler\ti-cgt-c2000_20.2.5.LTS\lib\</path>
         <kind>archive</kind>
         <file>rts2800_fpu32.lib</file>
         <name>args_main.c.obj</name>
      </input_file>
   </input_file_list>
   <object_component_list>
      <object_component id="oc-f4">
         <name>codestart</name>
         <load_address>0x0</load_address>
         <run_address>0x0</run_address>
         <size>0x2</size>
         <input_file_ref idref="fl-7"/>
      </object_component>
      <object_component id="oc-144">
         <name>.TI.ramfunc</name>
         <load_address>0xf4</load_address>
         <run_address>0xf4</run_address>
         <size>0x54</size>
         <input_file_ref idref="fl-11"/>
      </object_component>
      <object_component id="oc-10e">
         <name>.TI.ramfunc</name>
         <load_address>0x148</load_address>
         <run_address>0x148</run_address>
         <size>0x4</size>
         <input_file_ref idref="fl-12"/>
      </object_component>
      <object_component id="oc-fa">
         <name>.text:retain</name>
         <load_address>0x8000</load_address>
         <run_address>0x8000</run_address>
         <size>0x4b3</size>
         <input_file_ref idref="fl-b"/>
      </object_component>
      <object_component id="oc-140">
         <name>.text</name>
         <load_address>0x84b3</load_address>
         <run_address>0x84b3</run_address>
         <size>0x32c</size>
         <input_file_ref idref="fl-11"/>
      </object_component>
      <object_component id="oc-119">
         <name>.text</name>
         <load_address>0x87df</load_address>
         <run_address>0x87df</run_address>
         <size>0x1e</size>
         <input_file_ref idref="fl-27"/>
      </object_component>
      <object_component id="oc-12f">
         <name>.text</name>
         <load_address>0x87fd</load_address>
         <run_address>0x87fd</run_address>
         <size>0x2</size>
         <input_file_ref idref="fl-2a"/>
      </object_component>
      <object_component id="oc-142">
         <name>.text</name>
         <load_address>0x87ff</load_address>
         <run_address>0x87ff</run_address>
         <size>0x1</size>
         <input_file_ref idref="fl-2d"/>
      </object_component>
      <object_component id="oc-136">
         <name>.text</name>
         <load_address>0x8800</load_address>
         <run_address>0x8800</run_address>
         <size>0x279</size>
         <input_file_ref idref="fl-3"/>
      </object_component>
      <object_component id="oc-141">
         <name>.text</name>
         <load_address>0x8a79</load_address>
         <run_address>0x8a79</run_address>
         <size>0x132</size>
         <input_file_ref idref="fl-2"/>
      </object_component>
      <object_component id="oc-131">
         <name>.text</name>
         <load_address>0x8bab</load_address>
         <run_address>0x8bab</run_address>
         <size>0x1</size>
         <input_file_ref idref="fl-2b"/>
      </object_component>
      <object_component id="oc-13b">
         <name>.text</name>
         <load_address>0x8bac</load_address>
         <run_address>0x8bac</run_address>
         <size>0xee</size>
         <input_file_ref idref="fl-5"/>
      </object_component>
      <object_component id="oc-139">
         <name>.text</name>
         <load_address>0x8c9a</load_address>
         <run_address>0x8c9a</run_address>
         <size>0xea</size>
         <input_file_ref idref="fl-4"/>
      </object_component>
      <object_component id="oc-148">
         <name>.text</name>
         <load_address>0x8d84</load_address>
         <run_address>0x8d84</run_address>
         <size>0xd8</size>
         <input_file_ref idref="fl-d"/>
      </object_component>
      <object_component id="oc-ea">
         <name>.text:retain</name>
         <load_address>0x8e5c</load_address>
         <run_address>0x8e5c</run_address>
         <size>0xb1</size>
         <input_file_ref idref="fl-5"/>
      </object_component>
      <object_component id="oc-147">
         <name>.text</name>
         <load_address>0x8f0d</load_address>
         <run_address>0x8f0d</run_address>
         <size>0x5c</size>
         <input_file_ref idref="fl-8"/>
      </object_component>
      <object_component id="oc-13e">
         <name>.text</name>
         <load_address>0x8f69</load_address>
         <run_address>0x8f69</run_address>
         <size>0x59</size>
         <input_file_ref idref="fl-25"/>
      </object_component>
      <object_component id="oc-133">
         <name>.text</name>
         <load_address>0x8fc2</load_address>
         <run_address>0x8fc2</run_address>
         <size>0x29</size>
         <input_file_ref idref="fl-2c"/>
      </object_component>
      <object_component id="oc-132">
         <name>.text</name>
         <load_address>0x8feb</load_address>
         <run_address>0x8feb</run_address>
         <size>0x12</size>
         <input_file_ref idref="fl-2e"/>
      </object_component>
      <object_component id="oc-13f">
         <name>.text</name>
         <load_address>0x9000</load_address>
         <run_address>0x9000</run_address>
         <size>0x58</size>
         <input_file_ref idref="fl-24"/>
      </object_component>
      <object_component id="oc-7d">
         <name>.text</name>
         <load_address>0x9058</load_address>
         <run_address>0x9058</run_address>
         <size>0x56</size>
         <input_file_ref idref="fl-26"/>
      </object_component>
      <object_component id="oc-145">
         <name>.text</name>
         <load_address>0x90ae</load_address>
         <run_address>0x90ae</run_address>
         <size>0x28</size>
         <input_file_ref idref="fl-e"/>
      </object_component>
      <object_component id="oc-130">
         <name>.text</name>
         <load_address>0x90d6</load_address>
         <run_address>0x90d6</run_address>
         <size>0x24</size>
         <input_file_ref idref="fl-28"/>
      </object_component>
      <object_component id="oc-13a">
         <name>.text</name>
         <load_address>0x90fa</load_address>
         <run_address>0x90fa</run_address>
         <size>0x1c</size>
         <input_file_ref idref="fl-29"/>
      </object_component>
      <object_component id="oc-146">
         <name>.text</name>
         <load_address>0x9116</load_address>
         <run_address>0x9116</run_address>
         <size>0x10</size>
         <input_file_ref idref="fl-f"/>
      </object_component>
      <object_component id="oc-7f">
         <name>.cinit</name>
         <load_address>0x14c</load_address>
         <run_address>0x14c</run_address>
         <size>0x11</size>
         <input_file_ref idref="fl-30"/>
      </object_component>
      <object_component id="oc-124">
         <name>.cinit</name>
         <load_address>0x15d</load_address>
         <run_address>0x15d</run_address>
         <size>0xe</size>
         <input_file_ref idref="fl-2c"/>
      </object_component>
      <object_component id="oc-138">
         <name>.cinit:_Stepper_Trigger$2</name>
         <load_address>0x16b</load_address>
         <run_address>0x16b</run_address>
         <size>0x5</size>
         <input_file_ref idref="fl-30"/>
      </object_component>
      <object_component id="oc-135">
         <name>.cinit:_System_Trigger$2</name>
         <load_address>0x170</load_address>
         <run_address>0x170</run_address>
         <size>0x5</size>
         <input_file_ref idref="fl-30"/>
      </object_component>
      <object_component id="oc-13d">
         <name>.cinit:__lock</name>
         <load_address>0x175</load_address>
         <run_address>0x175</run_address>
         <size>0x5</size>
         <input_file_ref idref="fl-30"/>
      </object_component>
      <object_component id="oc-143">
         <name>.cinit:__unlock</name>
         <load_address>0x17a</load_address>
         <run_address>0x17a</run_address>
         <size>0x5</size>
         <input_file_ref idref="fl-30"/>
      </object_component>
      <object_component id="oc-114">
         <name>.reset</name>
         <load_address>0x3fffc0</load_address>
         <run_address>0x3fffc0</run_address>
         <size>0x2</size>
         <input_file_ref idref="fl-26"/>
      </object_component>
      <object_component id="oc-113">
         <name>.stack</name>
         <uninitialized>true</uninitialized>
         <run_address>0x400</run_address>
         <size>0x0</size>
         <input_file_ref idref="fl-26"/>
      </object_component>
      <object_component id="oc-1cf">
         <name>.stack</name>
         <uninitialized>true</uninitialized>
         <run_address>0x400</run_address>
         <size>0x0</size>
      </object_component>
      <object_component id="oc-125">
         <name>.ebss</name>
         <uninitialized>true</uninitialized>
         <run_address>0xaa0a</run_address>
         <size>0x6</size>
         <input_file_ref idref="fl-2c"/>
      </object_component>
      <object_component id="oc-80">
         <name>.ebss</name>
         <uninitialized>true</uninitialized>
         <run_address>0xa9ee</run_address>
         <size>0xe</size>
         <input_file_ref idref="fl-5"/>
      </object_component>
      <object_component id="oc-81">
         <name>.ebss</name>
         <uninitialized>true</uninitialized>
         <run_address>0xa9dc</run_address>
         <size>0x12</size>
         <input_file_ref idref="fl-3"/>
      </object_component>
      <object_component id="oc-83">
         <name>.ebss</name>
         <uninitialized>true</uninitialized>
         <run_address>0xaa00</run_address>
         <size>0xa</size>
         <input_file_ref idref="fl-4"/>
      </object_component>
      <object_component id="oc-134">
         <name>.ebss:_System_Trigger$2</name>
         <uninitialized>true</uninitialized>
         <run_address>0xa9fe</run_address>
         <size>0x2</size>
         <input_file_ref idref="fl-5"/>
      </object_component>
      <object_component id="oc-137">
         <name>.ebss:_Stepper_Trigger$2</name>
         <uninitialized>true</uninitialized>
         <run_address>0xa9fc</run_address>
         <size>0x2</size>
         <input_file_ref idref="fl-5"/>
      </object_component>
      <object_component id="oc-13c">
         <name>.ebss:__lock</name>
         <uninitialized>true</uninitialized>
         <run_address>0xaa10</run_address>
         <size>0x2</size>
         <input_file_ref idref="fl-2d"/>
      </object_component>
      <object_component id="oc-149">
         <name>.ebss:__unlock</name>
         <uninitialized>true</uninitialized>
         <run_address>0xaa12</run_address>
         <size>0x2</size>
         <input_file_ref idref="fl-2d"/>
      </object_component>
      <object_component id="oc-89">
         <name>.ebss</name>
         <uninitialized>true</uninitialized>
         <run_address>0xa9c4</run_address>
         <size>0x18</size>
         <input_file_ref idref="fl-8"/>
      </object_component>
      <object_component id="oc-14a">
         <name>.econst:_PieVectTableInit</name>
         <load_address>0xa800</load_address>
         <run_address>0xa800</run_address>
         <size>0x1c0</size>
         <input_file_ref idref="fl-f"/>
      </object_component>
      <object_component id="oc-82">
         <name>.econst</name>
         <load_address>0xa9c0</load_address>
         <run_address>0xa9c0</run_address>
         <size>0x4</size>
         <input_file_ref idref="fl-5"/>
      </object_component>
      <object_component id="oc-e5">
         <name>PieVectTableFile</name>
         <uninitialized>true</uninitialized>
         <run_address>0xd00</run_address>
         <size>0x1c0</size>
         <input_file_ref idref="fl-13"/>
      </object_component>
      <object_component id="oc-a7">
         <name>AdcaResultFile</name>
         <uninitialized>true</uninitialized>
         <run_address>0xb00</run_address>
         <size>0x18</size>
         <input_file_ref idref="fl-13"/>
      </object_component>
      <object_component id="oc-a8">
         <name>AdcbResultFile</name>
         <uninitialized>true</uninitialized>
         <run_address>0xb20</run_address>
         <size>0x18</size>
         <input_file_ref idref="fl-13"/>
      </object_component>
      <object_component id="oc-a9">
         <name>AdccResultFile</name>
         <uninitialized>true</uninitialized>
         <run_address>0xb40</run_address>
         <size>0x18</size>
         <input_file_ref idref="fl-13"/>
      </object_component>
      <object_component id="oc-d1">
         <name>AdcaRegsFile</name>
         <uninitialized>true</uninitialized>
         <run_address>0x7400</run_address>
         <size>0x80</size>
         <input_file_ref idref="fl-13"/>
      </object_component>
      <object_component id="oc-d2">
         <name>AdcbRegsFile</name>
         <uninitialized>true</uninitialized>
         <run_address>0x7480</run_address>
         <size>0x80</size>
         <input_file_ref idref="fl-13"/>
      </object_component>
      <object_component id="oc-d3">
         <name>AdccRegsFile</name>
         <uninitialized>true</uninitialized>
         <run_address>0x7500</run_address>
         <size>0x80</size>
         <input_file_ref idref="fl-13"/>
      </object_component>
      <object_component id="oc-d7">
         <name>AnalogSubsysRegsFile</name>
         <uninitialized>true</uninitialized>
         <run_address>0x5d700</run_address>
         <size>0x90</size>
         <input_file_ref idref="fl-13"/>
      </object_component>
      <object_component id="oc-e7">
         <name>CanaRegsFile</name>
         <uninitialized>true</uninitialized>
         <run_address>0x48000</run_address>
         <size>0x200</size>
         <input_file_ref idref="fl-13"/>
      </object_component>
      <object_component id="oc-e8">
         <name>CanbRegsFile</name>
         <uninitialized>true</uninitialized>
         <run_address>0x4a000</run_address>
         <size>0x200</size>
         <input_file_ref idref="fl-13"/>
      </object_component>
      <object_component id="oc-d4">
         <name>Cla1RegsFile</name>
         <uninitialized>true</uninitialized>
         <run_address>0x1400</run_address>
         <size>0x80</size>
         <input_file_ref idref="fl-13"/>
      </object_component>
      <object_component id="oc-95">
         <name>Cla1SoftIntRegsFile</name>
         <uninitialized>true</uninitialized>
         <run_address>0xce0</run_address>
         <size>0xf</size>
         <input_file_ref idref="fl-13"/>
      </object_component>
      <object_component id="oc-ad">
         <name>ClaPromCrc0RegsFile</name>
         <uninitialized>true</uninitialized>
         <run_address>0x61c0</run_address>
         <size>0x20</size>
         <input_file_ref idref="fl-13"/>
      </object_component>
      <object_component id="oc-ae">
         <name>Cmpss1RegsFile</name>
         <uninitialized>true</uninitialized>
         <run_address>0x5c80</run_address>
         <size>0x20</size>
         <input_file_ref idref="fl-13"/>
      </object_component>
      <object_component id="oc-af">
         <name>Cmpss2RegsFile</name>
         <uninitialized>true</uninitialized>
         <run_address>0x5ca0</run_address>
         <size>0x20</size>
         <input_file_ref idref="fl-13"/>
      </object_component>
      <object_component id="oc-b0">
         <name>Cmpss3RegsFile</name>
         <uninitialized>true</uninitialized>
         <run_address>0x5cc0</run_address>
         <size>0x20</size>
         <input_file_ref idref="fl-13"/>
      </object_component>
      <object_component id="oc-b1">
         <name>Cmpss4RegsFile</name>
         <uninitialized>true</uninitialized>
         <run_address>0x5ce0</run_address>
         <size>0x20</size>
         <input_file_ref idref="fl-13"/>
      </object_component>
      <object_component id="oc-b2">
         <name>Cmpss5RegsFile</name>
         <uninitialized>true</uninitialized>
         <run_address>0x5d00</run_address>
         <size>0x20</size>
         <input_file_ref idref="fl-13"/>
      </object_component>
      <object_component id="oc-b3">
         <name>Cmpss6RegsFile</name>
         <uninitialized>true</uninitialized>
         <run_address>0x5d20</run_address>
         <size>0x20</size>
         <input_file_ref idref="fl-13"/>
      </object_component>
      <object_component id="oc-b4">
         <name>Cmpss7RegsFile</name>
         <uninitialized>true</uninitialized>
         <run_address>0x5d40</run_address>
         <size>0x20</size>
         <input_file_ref idref="fl-13"/>
      </object_component>
      <object_component id="oc-86">
         <name>CpuTimer0RegsFile</name>
         <uninitialized>true</uninitialized>
         <run_address>0xc00</run_address>
         <size>0x8</size>
         <input_file_ref idref="fl-13"/>
      </object_component>
      <object_component id="oc-87">
         <name>CpuTimer1RegsFile</name>
         <uninitialized>true</uninitialized>
         <run_address>0xc08</run_address>
         <size>0x8</size>
         <input_file_ref idref="fl-13"/>
      </object_component>
      <object_component id="oc-88">
         <name>CpuTimer2RegsFile</name>
         <uninitialized>true</uninitialized>
         <run_address>0xc10</run_address>
         <size>0x8</size>
         <input_file_ref idref="fl-13"/>
      </object_component>
      <object_component id="oc-8a">
         <name>DacaRegsFile</name>
         <uninitialized>true</uninitialized>
         <run_address>0x5c00</run_address>
         <size>0x8</size>
         <input_file_ref idref="fl-13"/>
      </object_component>
      <object_component id="oc-8b">
         <name>DacbRegsFile</name>
         <uninitialized>true</uninitialized>
         <run_address>0x5c10</run_address>
         <size>0x8</size>
         <input_file_ref idref="fl-13"/>
      </object_component>
      <object_component id="oc-c5">
         <name>Dcc0RegsFile</name>
         <uninitialized>true</uninitialized>
         <run_address>0x5e700</run_address>
         <size>0x2c</size>
         <input_file_ref idref="fl-13"/>
      </object_component>
      <object_component id="oc-bf">
         <name>DcsmBank0Z1RegsFile</name>
         <uninitialized>true</uninitialized>
         <run_address>0x5f000</run_address>
         <size>0x24</size>
         <input_file_ref idref="fl-13"/>
      </object_component>
      <object_component id="oc-c0">
         <name>DcsmBank0Z2RegsFile</name>
         <uninitialized>true</uninitialized>
         <run_address>0x5f040</run_address>
         <size>0x24</size>
         <input_file_ref idref="fl-13"/>
      </object_component>
      <object_component id="oc-c1">
         <name>DcsmBank1Z1RegsFile</name>
         <uninitialized>true</uninitialized>
         <run_address>0x5f100</run_address>
         <size>0x24</size>
         <input_file_ref idref="fl-13"/>
      </object_component>
      <object_component id="oc-c2">
         <name>DcsmBank1Z2RegsFile</name>
         <uninitialized>true</uninitialized>
         <run_address>0x5f140</run_address>
         <size>0x24</size>
         <input_file_ref idref="fl-13"/>
      </object_component>
      <object_component id="oc-97">
         <name>DcsmCommonRegsFile</name>
         <uninitialized>true</uninitialized>
         <run_address>0x5f070</run_address>
         <size>0x10</size>
         <input_file_ref idref="fl-13"/>
      </object_component>
      <object_component id="oc-d8">
         <name>DmaRegsFile</name>
         <uninitialized>true</uninitialized>
         <run_address>0x1000</run_address>
         <size>0xe0</size>
         <input_file_ref idref="fl-13"/>
      </object_component>
      <object_component id="oc-b5">
         <name>ECap1RegsFile</name>
         <uninitialized>true</uninitialized>
         <run_address>0x5200</run_address>
         <size>0x20</size>
         <input_file_ref idref="fl-13"/>
      </object_component>
      <object_component id="oc-b6">
         <name>ECap2RegsFile</name>
         <uninitialized>true</uninitialized>
         <run_address>0x5240</run_address>
         <size>0x20</size>
         <input_file_ref idref="fl-13"/>
      </object_component>
      <object_component id="oc-b7">
         <name>ECap3RegsFile</name>
         <uninitialized>true</uninitialized>
         <run_address>0x5280</run_address>
         <size>0x20</size>
         <input_file_ref idref="fl-13"/>
      </object_component>
      <object_component id="oc-b8">
         <name>ECap4RegsFile</name>
         <uninitialized>true</uninitialized>
         <run_address>0x52c0</run_address>
         <size>0x20</size>
         <input_file_ref idref="fl-13"/>
      </object_component>
      <object_component id="oc-b9">
         <name>ECap5RegsFile</name>
         <uninitialized>true</uninitialized>
         <run_address>0x5300</run_address>
         <size>0x20</size>
         <input_file_ref idref="fl-13"/>
      </object_component>
      <object_component id="oc-ba">
         <name>ECap6RegsFile</name>
         <uninitialized>true</uninitialized>
         <run_address>0x5340</run_address>
         <size>0x20</size>
         <input_file_ref idref="fl-13"/>
      </object_component>
      <object_component id="oc-bb">
         <name>ECap7RegsFile</name>
         <uninitialized>true</uninitialized>
         <run_address>0x5380</run_address>
         <size>0x20</size>
         <input_file_ref idref="fl-13"/>
      </object_component>
      <object_component id="oc-98">
         <name>Pga1RegsFile</name>
         <uninitialized>true</uninitialized>
         <run_address>0x5b00</run_address>
         <size>0x10</size>
         <input_file_ref idref="fl-13"/>
      </object_component>
      <object_component id="oc-99">
         <name>Pga2RegsFile</name>
         <uninitialized>true</uninitialized>
         <run_address>0x5b10</run_address>
         <size>0x10</size>
         <input_file_ref idref="fl-13"/>
      </object_component>
      <object_component id="oc-9a">
         <name>Pga3RegsFile</name>
         <uninitialized>true</uninitialized>
         <run_address>0x5b20</run_address>
         <size>0x10</size>
         <input_file_ref idref="fl-13"/>
      </object_component>
      <object_component id="oc-9b">
         <name>Pga4RegsFile</name>
         <uninitialized>true</uninitialized>
         <run_address>0x5b30</run_address>
         <size>0x10</size>
         <input_file_ref idref="fl-13"/>
      </object_component>
      <object_component id="oc-9c">
         <name>Pga5RegsFile</name>
         <uninitialized>true</uninitialized>
         <run_address>0x5b40</run_address>
         <size>0x10</size>
         <input_file_ref idref="fl-13"/>
      </object_component>
      <object_component id="oc-9d">
         <name>Pga6RegsFile</name>
         <uninitialized>true</uninitialized>
         <run_address>0x5b50</run_address>
         <size>0x10</size>
         <input_file_ref idref="fl-13"/>
      </object_component>
      <object_component id="oc-9e">
         <name>Pga7RegsFile</name>
         <uninitialized>true</uninitialized>
         <run_address>0x5b60</run_address>
         <size>0x10</size>
         <input_file_ref idref="fl-13"/>
      </object_component>
      <object_component id="oc-db">
         <name>EPwm1RegsFile</name>
         <uninitialized>true</uninitialized>
         <run_address>0x4000</run_address>
         <size>0x100</size>
         <input_file_ref idref="fl-13"/>
      </object_component>
      <object_component id="oc-dc">
         <name>EPwm2RegsFile</name>
         <uninitialized>true</uninitialized>
         <run_address>0x4100</run_address>
         <size>0x100</size>
         <input_file_ref idref="fl-13"/>
      </object_component>
      <object_component id="oc-dd">
         <name>EPwm3RegsFile</name>
         <uninitialized>true</uninitialized>
         <run_address>0x4200</run_address>
         <size>0x100</size>
         <input_file_ref idref="fl-13"/>
      </object_component>
      <object_component id="oc-de">
         <name>EPwm4RegsFile</name>
         <uninitialized>true</uninitialized>
         <run_address>0x4300</run_address>
         <size>0x100</size>
         <input_file_ref idref="fl-13"/>
      </object_component>
      <object_component id="oc-df">
         <name>EPwm5RegsFile</name>
         <uninitialized>true</uninitialized>
         <run_address>0x4400</run_address>
         <size>0x100</size>
         <input_file_ref idref="fl-13"/>
      </object_component>
      <object_component id="oc-e0">
         <name>EPwm6RegsFile</name>
         <uninitialized>true</uninitialized>
         <run_address>0x4500</run_address>
         <size>0x100</size>
         <input_file_ref idref="fl-13"/>
      </object_component>
      <object_component id="oc-e1">
         <name>EPwm7RegsFile</name>
         <uninitialized>true</uninitialized>
         <run_address>0x4600</run_address>
         <size>0x100</size>
         <input_file_ref idref="fl-13"/>
      </object_component>
      <object_component id="oc-e2">
         <name>EPwm8RegsFile</name>
         <uninitialized>true</uninitialized>
         <run_address>0x4700</run_address>
         <size>0x100</size>
         <input_file_ref idref="fl-13"/>
      </object_component>
      <object_component id="oc-c9">
         <name>EPwmXbarRegsFile</name>
         <uninitialized>true</uninitialized>
         <run_address>0x7a00</run_address>
         <size>0x40</size>
         <input_file_ref idref="fl-13"/>
      </object_component>
      <object_component id="oc-c7">
         <name>EQep1RegsFile</name>
         <uninitialized>true</uninitialized>
         <run_address>0x5100</run_address>
         <size>0x40</size>
         <input_file_ref idref="fl-13"/>
      </object_component>
      <object_component id="oc-ca">
         <name>EQep2RegsFile</name>
         <uninitialized>true</uninitialized>
         <run_address>0x5140</run_address>
         <size>0x40</size>
         <input_file_ref idref="fl-13"/>
      </object_component>
      <object_component id="oc-a6">
         <name>EnhancedDebugGlobalRegsFile</name>
         <uninitialized>true</uninitialized>
         <run_address>0x5e800</run_address>
         <size>0x13</size>
         <input_file_ref idref="fl-13"/>
      </object_component>
      <object_component id="oc-8c">
         <name>EnhancedDebugHWBP1RegsFile</name>
         <uninitialized>true</uninitialized>
         <run_address>0x5e900</run_address>
         <size>0x8</size>
         <input_file_ref idref="fl-13"/>
      </object_component>
      <object_component id="oc-8d">
         <name>EnhancedDebugHWBP2RegsFile</name>
         <uninitialized>true</uninitialized>
         <run_address>0x5e908</run_address>
         <size>0x8</size>
         <input_file_ref idref="fl-13"/>
      </object_component>
      <object_component id="oc-8e">
         <name>EnhancedDebugHWBP3RegsFile</name>
         <uninitialized>true</uninitialized>
         <run_address>0x5e910</run_address>
         <size>0x8</size>
         <input_file_ref idref="fl-13"/>
      </object_component>
      <object_component id="oc-8f">
         <name>EnhancedDebugHWBP4RegsFile</name>
         <uninitialized>true</uninitialized>
         <run_address>0x5e918</run_address>
         <size>0x8</size>
         <input_file_ref idref="fl-13"/>
      </object_component>
      <object_component id="oc-90">
         <name>EnhancedDebugHWBP5RegsFile</name>
         <uninitialized>true</uninitialized>
         <run_address>0x5e920</run_address>
         <size>0x8</size>
         <input_file_ref idref="fl-13"/>
      </object_component>
      <object_component id="oc-91">
         <name>EnhancedDebugHWBP6RegsFile</name>
         <uninitialized>true</uninitialized>
         <run_address>0x5e928</run_address>
         <size>0x8</size>
         <input_file_ref idref="fl-13"/>
      </object_component>
      <object_component id="oc-92">
         <name>EnhancedDebugHWBP7RegsFile</name>
         <uninitialized>true</uninitialized>
         <run_address>0x5e930</run_address>
         <size>0x8</size>
         <input_file_ref idref="fl-13"/>
      </object_component>
      <object_component id="oc-93">
         <name>EnhancedDebugHWBP8RegsFile</name>
         <uninitialized>true</uninitialized>
         <run_address>0x5e938</run_address>
         <size>0x8</size>
         <input_file_ref idref="fl-13"/>
      </object_component>
      <object_component id="oc-a2">
         <name>EnhancedDebugCounter1RegsFile</name>
         <uninitialized>true</uninitialized>
         <run_address>0x5e980</run_address>
         <size>0x10</size>
         <input_file_ref idref="fl-13"/>
      </object_component>
      <object_component id="oc-a3">
         <name>EnhancedDebugCounter2RegsFile</name>
         <uninitialized>true</uninitialized>
         <run_address>0x5e990</run_address>
         <size>0x10</size>
         <input_file_ref idref="fl-13"/>
      </object_component>
      <object_component id="oc-a4">
         <name>EnhancedDebugCounter3RegsFile</name>
         <uninitialized>true</uninitialized>
         <run_address>0x5e9a0</run_address>
         <size>0x10</size>
         <input_file_ref idref="fl-13"/>
      </object_component>
      <object_component id="oc-a5">
         <name>EnhancedDebugCounter4RegsFile</name>
         <uninitialized>true</uninitialized>
         <run_address>0x5e9b0</run_address>
         <size>0x10</size>
         <input_file_ref idref="fl-13"/>
      </object_component>
      <object_component id="oc-e4">
         <name>Flash0CtrlRegsFile</name>
         <uninitialized>true</uninitialized>
         <run_address>0x5f800</run_address>
         <size>0x182</size>
         <input_file_ref idref="fl-13"/>
      </object_component>
      <object_component id="oc-c3">
         <name>Flash0EccRegsFile</name>
         <uninitialized>true</uninitialized>
         <run_address>0x5fb00</run_address>
         <size>0x28</size>
         <input_file_ref idref="fl-13"/>
      </object_component>
      <object_component id="oc-ce">
         <name>FsiTxaRegsFile</name>
         <uninitialized>true</uninitialized>
         <run_address>0x6600</run_address>
         <size>0x42</size>
         <input_file_ref idref="fl-13"/>
      </object_component>
      <object_component id="oc-cf">
         <name>FsiRxaRegsFile</name>
         <uninitialized>true</uninitialized>
         <run_address>0x6680</run_address>
         <size>0x42</size>
         <input_file_ref idref="fl-13"/>
      </object_component>
      <object_component id="oc-e6">
         <name>GpioCtrlRegsFile</name>
         <uninitialized>true</uninitialized>
         <run_address>0x7c00</run_address>
         <size>0x200</size>
         <input_file_ref idref="fl-13"/>
      </object_component>
      <object_component id="oc-c8">
         <name>GpioDataRegsFile</name>
         <uninitialized>true</uninitialized>
         <run_address>0x7f00</run_address>
         <size>0x40</size>
         <input_file_ref idref="fl-13"/>
      </object_component>
      <object_component id="oc-be">
         <name>I2caRegsFile</name>
         <uninitialized>true</uninitialized>
         <run_address>0x7300</run_address>
         <size>0x22</size>
         <input_file_ref idref="fl-13"/>
      </object_component>
      <object_component id="oc-ac">
         <name>InputXbarRegsFile</name>
         <uninitialized>true</uninitialized>
         <run_address>0x7900</run_address>
         <size>0x20</size>
         <input_file_ref idref="fl-13"/>
      </object_component>
      <object_component id="oc-bc">
         <name>XbarRegsFile</name>
         <uninitialized>true</uninitialized>
         <run_address>0x7920</run_address>
         <size>0x20</size>
         <input_file_ref idref="fl-13"/>
      </object_component>
      <object_component id="oc-d9">
         <name>LinaRegsFile</name>
         <uninitialized>true</uninitialized>
         <run_address>0x6a00</run_address>
         <size>0xec</size>
         <input_file_ref idref="fl-13"/>
      </object_component>
      <object_component id="oc-da">
         <name>LinbRegsFile</name>
         <uninitialized>true</uninitialized>
         <run_address>0x6b00</run_address>
         <size>0xec</size>
         <input_file_ref idref="fl-13"/>
      </object_component>
      <object_component id="oc-d5">
         <name>MemCfgRegsFile</name>
         <uninitialized>true</uninitialized>
         <run_address>0x5f400</run_address>
         <size>0x80</size>
         <input_file_ref idref="fl-13"/>
      </object_component>
      <object_component id="oc-cb">
         <name>AccessProtectionRegsFile</name>
         <uninitialized>true</uninitialized>
         <run_address>0x5f4c0</run_address>
         <size>0x40</size>
         <input_file_ref idref="fl-13"/>
      </object_component>
      <object_component id="oc-cc">
         <name>MemoryErrorRegsFile</name>
         <uninitialized>true</uninitialized>
         <run_address>0x5f500</run_address>
         <size>0x40</size>
         <input_file_ref idref="fl-13"/>
      </object_component>
      <object_component id="oc-85">
         <name>NmiIntruptRegsFile</name>
         <uninitialized>true</uninitialized>
         <run_address>0x7060</run_address>
         <size>0x7</size>
         <input_file_ref idref="fl-13"/>
      </object_component>
      <object_component id="oc-cd">
         <name>OutputXbarRegsFile</name>
         <uninitialized>true</uninitialized>
         <run_address>0x7a80</run_address>
         <size>0x40</size>
         <input_file_ref idref="fl-13"/>
      </object_component>
      <object_component id="oc-aa">
         <name>PieCtrlRegsFile</name>
         <uninitialized>true</uninitialized>
         <run_address>0xce0</run_address>
         <size>0x1a</size>
         <input_file_ref idref="fl-13"/>
      </object_component>
      <object_component id="oc-bd">
         <name>PmbusaRegsFile</name>
         <uninitialized>true</uninitialized>
         <run_address>0x6400</run_address>
         <size>0x20</size>
         <input_file_ref idref="fl-13"/>
      </object_component>
      <object_component id="oc-9f">
         <name>SciaRegsFile</name>
         <uninitialized>true</uninitialized>
         <run_address>0x7200</run_address>
         <size>0x10</size>
         <input_file_ref idref="fl-13"/>
      </object_component>
      <object_component id="oc-a0">
         <name>ScibRegsFile</name>
         <uninitialized>true</uninitialized>
         <run_address>0x7210</run_address>
         <size>0x10</size>
         <input_file_ref idref="fl-13"/>
      </object_component>
      <object_component id="oc-d0">
         <name>Sdfm1RegsFile</name>
         <uninitialized>true</uninitialized>
         <run_address>0x5e00</run_address>
         <size>0x70</size>
         <input_file_ref idref="fl-13"/>
      </object_component>
      <object_component id="oc-96">
         <name>SpiaRegsFile</name>
         <uninitialized>true</uninitialized>
         <run_address>0x6100</run_address>
         <size>0x10</size>
         <input_file_ref idref="fl-13"/>
      </object_component>
      <object_component id="oc-a1">
         <name>SpibRegsFile</name>
         <uninitialized>true</uninitialized>
         <run_address>0x6110</run_address>
         <size>0x10</size>
         <input_file_ref idref="fl-13"/>
      </object_component>
      <object_component id="oc-c4">
         <name>WdRegsFile</name>
         <uninitialized>true</uninitialized>
         <run_address>0x7000</run_address>
         <size>0x2b</size>
         <input_file_ref idref="fl-13"/>
      </object_component>
      <object_component id="oc-ab">
         <name>DmaClaSrcSelRegsFile</name>
         <uninitialized>true</uninitialized>
         <run_address>0x7980</run_address>
         <size>0x1a</size>
         <input_file_ref idref="fl-13"/>
      </object_component>
      <object_component id="oc-e3">
         <name>DevCfgRegsFile</name>
         <uninitialized>true</uninitialized>
         <run_address>0x5d000</run_address>
         <size>0x180</size>
         <input_file_ref idref="fl-13"/>
      </object_component>
      <object_component id="oc-c6">
         <name>ClkCfgRegsFile</name>
         <uninitialized>true</uninitialized>
         <run_address>0x5d200</run_address>
         <size>0x36</size>
         <input_file_ref idref="fl-13"/>
      </object_component>
      <object_component id="oc-d6">
         <name>CpuSysRegsFile</name>
         <uninitialized>true</uninitialized>
         <run_address>0x5d300</run_address>
         <size>0x82</size>
         <input_file_ref idref="fl-13"/>
      </object_component>
      <object_component id="oc-e9">
         <name>SysPeriphAcRegsFile</name>
         <uninitialized>true</uninitialized>
         <run_address>0x5d500</run_address>
         <size>0x200</size>
         <input_file_ref idref="fl-13"/>
      </object_component>
      <object_component id="oc-84">
         <name>SyncSocRegsFile</name>
         <uninitialized>true</uninitialized>
         <run_address>0x7940</run_address>
         <size>0x6</size>
         <input_file_ref idref="fl-13"/>
      </object_component>
      <object_component id="oc-94">
         <name>XintRegsFile</name>
         <uninitialized>true</uninitialized>
         <run_address>0x7070</run_address>
         <size>0xb</size>
         <input_file_ref idref="fl-13"/>
      </object_component>
      <object_component id="oc-ef">
         <name>.debug_info</name>
         <load_address>0x0</load_address>
         <run_address>0x0</run_address>
         <size>0x1070e</size>
         <input_file_ref idref="fl-2"/>
      </object_component>
      <object_component id="oc-f6">
         <name>.debug_info</name>
         <load_address>0x1070e</load_address>
         <run_address>0x1070e</run_address>
         <size>0xfc</size>
         <input_file_ref idref="fl-7"/>
      </object_component>
      <object_component id="oc-f9">
         <name>.debug_info</name>
         <load_address>0x1080a</load_address>
         <run_address>0x1080a</run_address>
         <size>0x3a95</size>
         <input_file_ref idref="fl-b"/>
      </object_component>
      <object_component id="oc-ff">
         <name>.debug_info</name>
         <load_address>0x1429f</load_address>
         <run_address>0x1429f</run_address>
         <size>0x474f</size>
         <input_file_ref idref="fl-c"/>
      </object_component>
      <object_component id="oc-104">
         <name>.debug_info</name>
         <load_address>0x189ee</load_address>
         <run_address>0x189ee</run_address>
         <size>0x357a</size>
         <input_file_ref idref="fl-e"/>
      </object_component>
      <object_component id="oc-109">
         <name>.debug_info</name>
         <load_address>0x1bf68</load_address>
         <run_address>0x1bf68</run_address>
         <size>0x8133</size>
         <input_file_ref idref="fl-11"/>
      </object_component>
      <object_component id="oc-110">
         <name>.debug_info</name>
         <load_address>0x2409b</load_address>
         <run_address>0x2409b</run_address>
         <size>0xf6</size>
         <input_file_ref idref="fl-12"/>
      </object_component>
      <object_component id="oc-115">
         <name>.debug_info</name>
         <load_address>0x24191</load_address>
         <run_address>0x24191</run_address>
         <size>0x173</size>
         <input_file_ref idref="fl-26"/>
      </object_component>
      <object_component id="oc-11a">
         <name>.debug_info</name>
         <load_address>0x24304</load_address>
         <run_address>0x24304</run_address>
         <size>0x14e</size>
         <input_file_ref idref="fl-27"/>
      </object_component>
      <object_component id="oc-11e">
         <name>.debug_info</name>
         <load_address>0x24452</load_address>
         <run_address>0x24452</run_address>
         <size>0x3aa</size>
         <input_file_ref idref="fl-2b"/>
      </object_component>
      <object_component id="oc-123">
         <name>.debug_info</name>
         <load_address>0x247fc</load_address>
         <run_address>0x247fc</run_address>
         <size>0x544</size>
         <input_file_ref idref="fl-2c"/>
      </object_component>
      <object_component id="oc-12a">
         <name>.debug_info</name>
         <load_address>0x24d40</load_address>
         <run_address>0x24d40</run_address>
         <size>0x467</size>
         <input_file_ref idref="fl-2e"/>
      </object_component>
      <object_component id="oc-7e">
         <name>.debug_info</name>
         <load_address>0x251a7</load_address>
         <run_address>0x251a7</run_address>
         <size>0x4ecf5</size>
         <input_file_ref idref="fl-30"/>
      </object_component>
      <object_component id="oc-1d3">
         <name>.debug_info</name>
         <load_address>0x73e9c</load_address>
         <run_address>0x73e9c</run_address>
         <size>0x95</size>
      </object_component>
      <object_component id="oc-f0">
         <name>.debug_frame</name>
         <load_address>0x0</load_address>
         <run_address>0x0</run_address>
         <size>0xec</size>
         <input_file_ref idref="fl-2"/>
      </object_component>
      <object_component id="oc-fb">
         <name>.debug_frame</name>
         <load_address>0xec</load_address>
         <run_address>0xec</run_address>
         <size>0xf30</size>
         <input_file_ref idref="fl-b"/>
      </object_component>
      <object_component id="oc-100">
         <name>.debug_frame</name>
         <load_address>0x101c</load_address>
         <run_address>0x101c</run_address>
         <size>0x28</size>
         <input_file_ref idref="fl-c"/>
      </object_component>
      <object_component id="oc-105">
         <name>.debug_frame</name>
         <load_address>0x1044</load_address>
         <run_address>0x1044</run_address>
         <size>0x58</size>
         <input_file_ref idref="fl-e"/>
      </object_component>
      <object_component id="oc-10a">
         <name>.debug_frame</name>
         <load_address>0x109c</load_address>
         <run_address>0x109c</run_address>
         <size>0x20c</size>
         <input_file_ref idref="fl-11"/>
      </object_component>
      <object_component id="oc-11f">
         <name>.debug_frame</name>
         <load_address>0x12a8</load_address>
         <run_address>0x12a8</run_address>
         <size>0x40</size>
         <input_file_ref idref="fl-2b"/>
      </object_component>
      <object_component id="oc-126">
         <name>.debug_frame</name>
         <load_address>0x12e8</load_address>
         <run_address>0x12e8</run_address>
         <size>0x60</size>
         <input_file_ref idref="fl-2c"/>
      </object_component>
      <object_component id="oc-12b">
         <name>.debug_frame</name>
         <load_address>0x1348</load_address>
         <run_address>0x1348</run_address>
         <size>0x40</size>
         <input_file_ref idref="fl-2e"/>
      </object_component>
      <object_component id="oc-eb">
         <name>.debug_frame</name>
         <load_address>0x1388</load_address>
         <run_address>0x1388</run_address>
         <size>0x348</size>
         <input_file_ref idref="fl-30"/>
      </object_component>
      <object_component id="oc-f1">
         <name>.debug_line</name>
         <load_address>0x0</load_address>
         <run_address>0x0</run_address>
         <size>0x1ab</size>
         <input_file_ref idref="fl-2"/>
      </object_component>
      <object_component id="oc-f5">
         <name>.debug_line</name>
         <load_address>0x1ab</load_address>
         <run_address>0x1ab</run_address>
         <size>0x5b</size>
         <input_file_ref idref="fl-7"/>
      </object_component>
      <object_component id="oc-fc">
         <name>.debug_line</name>
         <load_address>0x206</load_address>
         <run_address>0x206</run_address>
         <size>0xa92</size>
         <input_file_ref idref="fl-b"/>
      </object_component>
      <object_component id="oc-101">
         <name>.debug_line</name>
         <load_address>0xc98</load_address>
         <run_address>0xc98</run_address>
         <size>0x3f</size>
         <input_file_ref idref="fl-c"/>
      </object_component>
      <object_component id="oc-106">
         <name>.debug_line</name>
         <load_address>0xcd7</load_address>
         <run_address>0xcd7</run_address>
         <size>0x87</size>
         <input_file_ref idref="fl-e"/>
      </object_component>
      <object_component id="oc-10b">
         <name>.debug_line</name>
         <load_address>0xd5e</load_address>
         <run_address>0xd5e</run_address>
         <size>0x40c</size>
         <input_file_ref idref="fl-11"/>
      </object_component>
      <object_component id="oc-10f">
         <name>.debug_line</name>
         <load_address>0x116a</load_address>
         <run_address>0x116a</run_address>
         <size>0x55</size>
         <input_file_ref idref="fl-12"/>
      </object_component>
      <object_component id="oc-116">
         <name>.debug_line</name>
         <load_address>0x11bf</load_address>
         <run_address>0x11bf</run_address>
         <size>0x7e</size>
         <input_file_ref idref="fl-26"/>
      </object_component>
      <object_component id="oc-11b">
         <name>.debug_line</name>
         <load_address>0x123d</load_address>
         <run_address>0x123d</run_address>
         <size>0x63</size>
         <input_file_ref idref="fl-27"/>
      </object_component>
      <object_component id="oc-120">
         <name>.debug_line</name>
         <load_address>0x12a0</load_address>
         <run_address>0x12a0</run_address>
         <size>0x3a</size>
         <input_file_ref idref="fl-2b"/>
      </object_component>
      <object_component id="oc-127">
         <name>.debug_line</name>
         <load_address>0x12da</load_address>
         <run_address>0x12da</run_address>
         <size>0x65</size>
         <input_file_ref idref="fl-2c"/>
      </object_component>
      <object_component id="oc-12c">
         <name>.debug_line</name>
         <load_address>0x133f</load_address>
         <run_address>0x133f</run_address>
         <size>0x4f</size>
         <input_file_ref idref="fl-2e"/>
      </object_component>
      <object_component id="oc-ec">
         <name>.debug_line</name>
         <load_address>0x138e</load_address>
         <run_address>0x138e</run_address>
         <size>0x98a</size>
         <input_file_ref idref="fl-30"/>
      </object_component>
      <object_component id="oc-f2">
         <name>.debug_abbrev</name>
         <load_address>0x0</load_address>
         <run_address>0x0</run_address>
         <size>0x161</size>
         <input_file_ref idref="fl-2"/>
      </object_component>
      <object_component id="oc-f7">
         <name>.debug_abbrev</name>
         <load_address>0x161</load_address>
         <run_address>0x161</run_address>
         <size>0x21</size>
         <input_file_ref idref="fl-7"/>
      </object_component>
      <object_component id="oc-fd">
         <name>.debug_abbrev</name>
         <load_address>0x182</load_address>
         <run_address>0x182</run_address>
         <size>0xde</size>
         <input_file_ref idref="fl-b"/>
      </object_component>
      <object_component id="oc-102">
         <name>.debug_abbrev</name>
         <load_address>0x260</load_address>
         <run_address>0x260</run_address>
         <size>0x164</size>
         <input_file_ref idref="fl-c"/>
      </object_component>
      <object_component id="oc-107">
         <name>.debug_abbrev</name>
         <load_address>0x3c4</load_address>
         <run_address>0x3c4</run_address>
         <size>0xc8</size>
         <input_file_ref idref="fl-e"/>
      </object_component>
      <object_component id="oc-10c">
         <name>.debug_abbrev</name>
         <load_address>0x48c</load_address>
         <run_address>0x48c</run_address>
         <size>0x1ed</size>
         <input_file_ref idref="fl-11"/>
      </object_component>
      <object_component id="oc-111">
         <name>.debug_abbrev</name>
         <load_address>0x679</load_address>
         <run_address>0x679</run_address>
         <size>0x2f</size>
         <input_file_ref idref="fl-12"/>
      </object_component>
      <object_component id="oc-117">
         <name>.debug_abbrev</name>
         <load_address>0x6a8</load_address>
         <run_address>0x6a8</run_address>
         <size>0x46</size>
         <input_file_ref idref="fl-26"/>
      </object_component>
      <object_component id="oc-11c">
         <name>.debug_abbrev</name>
         <load_address>0x6ee</load_address>
         <run_address>0x6ee</run_address>
         <size>0x38</size>
         <input_file_ref idref="fl-27"/>
      </object_component>
      <object_component id="oc-121">
         <name>.debug_abbrev</name>
         <load_address>0x726</load_address>
         <run_address>0x726</run_address>
         <size>0x66</size>
         <input_file_ref idref="fl-2b"/>
      </object_component>
      <object_component id="oc-128">
         <name>.debug_abbrev</name>
         <load_address>0x78c</load_address>
         <run_address>0x78c</run_address>
         <size>0x130</size>
         <input_file_ref idref="fl-2c"/>
      </object_component>
      <object_component id="oc-12d">
         <name>.debug_abbrev</name>
         <load_address>0x8bc</load_address>
         <run_address>0x8bc</run_address>
         <size>0xee</size>
         <input_file_ref idref="fl-2e"/>
      </object_component>
      <object_component id="oc-ed">
         <name>.debug_abbrev</name>
         <load_address>0x9aa</load_address>
         <run_address>0x9aa</run_address>
         <size>0x240</size>
         <input_file_ref idref="fl-30"/>
      </object_component>
      <object_component id="oc-1d4">
         <name>.debug_abbrev</name>
         <load_address>0xbea</load_address>
         <run_address>0xbea</run_address>
         <size>0xf</size>
      </object_component>
      <object_component id="oc-f3">
         <name>.debug_aranges</name>
         <load_address>0x0</load_address>
         <run_address>0x0</run_address>
         <size>0x50</size>
         <input_file_ref idref="fl-2"/>
      </object_component>
      <object_component id="oc-f8">
         <name>.debug_aranges</name>
         <load_address>0x50</load_address>
         <run_address>0x50</run_address>
         <size>0x20</size>
         <input_file_ref idref="fl-7"/>
      </object_component>
      <object_component id="oc-fe">
         <name>.debug_aranges</name>
         <load_address>0x70</load_address>
         <run_address>0x70</run_address>
         <size>0x3d8</size>
         <input_file_ref idref="fl-b"/>
      </object_component>
      <object_component id="oc-103">
         <name>.debug_aranges</name>
         <load_address>0x448</load_address>
         <run_address>0x448</run_address>
         <size>0x18</size>
         <input_file_ref idref="fl-c"/>
      </object_component>
      <object_component id="oc-108">
         <name>.debug_aranges</name>
         <load_address>0x460</load_address>
         <run_address>0x460</run_address>
         <size>0x28</size>
         <input_file_ref idref="fl-e"/>
      </object_component>
      <object_component id="oc-10d">
         <name>.debug_aranges</name>
         <load_address>0x488</load_address>
         <run_address>0x488</run_address>
         <size>0xa0</size>
         <input_file_ref idref="fl-11"/>
      </object_component>
      <object_component id="oc-112">
         <name>.debug_aranges</name>
         <load_address>0x528</load_address>
         <run_address>0x528</run_address>
         <size>0x20</size>
         <input_file_ref idref="fl-12"/>
      </object_component>
      <object_component id="oc-118">
         <name>.debug_aranges</name>
         <load_address>0x548</load_address>
         <run_address>0x548</run_address>
         <size>0x20</size>
         <input_file_ref idref="fl-26"/>
      </object_component>
      <object_component id="oc-11d">
         <name>.debug_aranges</name>
         <load_address>0x568</load_address>
         <run_address>0x568</run_address>
         <size>0x28</size>
         <input_file_ref idref="fl-27"/>
      </object_component>
      <object_component id="oc-122">
         <name>.debug_aranges</name>
         <load_address>0x590</load_address>
         <run_address>0x590</run_address>
         <size>0x20</size>
         <input_file_ref idref="fl-2b"/>
      </object_component>
      <object_component id="oc-129">
         <name>.debug_aranges</name>
         <load_address>0x5b0</load_address>
         <run_address>0x5b0</run_address>
         <size>0x28</size>
         <input_file_ref idref="fl-2c"/>
      </object_component>
      <object_component id="oc-12e">
         <name>.debug_aranges</name>
         <load_address>0x5d8</load_address>
         <run_address>0x5d8</run_address>
         <size>0x20</size>
         <input_file_ref idref="fl-2e"/>
      </object_component>
      <object_component id="oc-ee">
         <name>.debug_aranges</name>
         <load_address>0x5f8</load_address>
         <run_address>0x5f8</run_address>
         <size>0xb0</size>
         <input_file_ref idref="fl-30"/>
      </object_component>
   </object_component_list>
   <logical_group_list>
      <logical_group id="lg-2" display="no" color="cyan">
         <name>codestart</name>
         <load_address>0x0</load_address>
         <run_address>0x0</run_address>
         <size>0x2</size>
         <contents>
            <object_component_ref idref="oc-f4"/>
         </contents>
      </logical_group>
      <logical_group id="lg-3" display="no" color="cyan">
         <name>.TI.ramfunc</name>
         <load_address>0xf4</load_address>
         <run_address>0xf4</run_address>
         <size>0x58</size>
         <contents>
            <object_component_ref idref="oc-144"/>
            <object_component_ref idref="oc-10e"/>
         </contents>
      </logical_group>
      <logical_group id="lg-1d0" display="no" color="cyan">
         <name>.text.1</name>
         <load_address>0x8000</load_address>
         <run_address>0x8000</run_address>
         <size>0x800</size>
         <contents>
            <object_component_ref idref="oc-fa"/>
            <object_component_ref idref="oc-140"/>
            <object_component_ref idref="oc-119"/>
            <object_component_ref idref="oc-12f"/>
            <object_component_ref idref="oc-142"/>
         </contents>
      </logical_group>
      <logical_group id="lg-1d1" display="no" color="cyan">
         <name>.text.2</name>
         <load_address>0x8800</load_address>
         <run_address>0x8800</run_address>
         <size>0x7fd</size>
         <contents>
            <object_component_ref idref="oc-136"/>
            <object_component_ref idref="oc-141"/>
            <object_component_ref idref="oc-131"/>
            <object_component_ref idref="oc-13b"/>
            <object_component_ref idref="oc-139"/>
            <object_component_ref idref="oc-148"/>
            <object_component_ref idref="oc-ea"/>
            <object_component_ref idref="oc-147"/>
            <object_component_ref idref="oc-13e"/>
            <object_component_ref idref="oc-133"/>
            <object_component_ref idref="oc-132"/>
         </contents>
      </logical_group>
      <logical_group id="lg-1d2" display="no" color="cyan">
         <name>.text.3</name>
         <load_address>0x9000</load_address>
         <run_address>0x9000</run_address>
         <size>0x126</size>
         <contents>
            <object_component_ref idref="oc-13f"/>
            <object_component_ref idref="oc-7d"/>
            <object_component_ref idref="oc-145"/>
            <object_component_ref idref="oc-130"/>
            <object_component_ref idref="oc-13a"/>
            <object_component_ref idref="oc-146"/>
         </contents>
      </logical_group>
      <split_section id="lg-4" display="no" color="cyan">
         <name>.text</name>
         <contents>
            <logical_group_ref idref="lg-1d0"/>
            <logical_group_ref idref="lg-1d1"/>
            <logical_group_ref idref="lg-1d2"/>
         </contents>
      </split_section>
      <logical_group id="lg-5" display="no" color="cyan">
         <name>.cinit</name>
         <load_address>0x14c</load_address>
         <run_address>0x14c</run_address>
         <size>0x35</size>
         <contents>
            <object_component_ref idref="oc-7f"/>
            <object_component_ref idref="oc-124"/>
            <object_component_ref idref="oc-138"/>
            <object_component_ref idref="oc-135"/>
            <object_component_ref idref="oc-13d"/>
            <object_component_ref idref="oc-143"/>
         </contents>
      </logical_group>
      <logical_group id="lg-6" display="no" color="cyan">
         <name>.switch</name>
         <run_address>0x0</run_address>
         <size>0x0</size>
         <contents>
         </contents>
      </logical_group>
      <logical_group id="lg-7" display="no" color="cyan">
         <name>.reset</name>
         <load_address>0x3fffc0</load_address>
         <run_address>0x3fffc0</run_address>
         <size>0x2</size>
         <contents>
            <object_component_ref idref="oc-114"/>
         </contents>
      </logical_group>
      <logical_group id="lg-8" display="no" color="cyan">
         <name>.stack</name>
         <run_address>0x400</run_address>
         <size>0x200</size>
         <contents>
            <object_component_ref idref="oc-113"/>
            <object_component_ref idref="oc-1cf"/>
         </contents>
      </logical_group>
      <logical_group id="lg-9" display="no" color="cyan">
         <name>.pinit</name>
         <run_address>0x0</run_address>
         <size>0x0</size>
         <contents>
         </contents>
      </logical_group>
      <logical_group id="lg-a" display="no" color="cyan">
         <name>.ebss</name>
         <run_address>0xa9c4</run_address>
         <size>0x50</size>
         <contents>
            <object_component_ref idref="oc-125"/>
            <object_component_ref idref="oc-80"/>
            <object_component_ref idref="oc-81"/>
            <object_component_ref idref="oc-83"/>
            <object_component_ref idref="oc-134"/>
            <object_component_ref idref="oc-137"/>
            <object_component_ref idref="oc-13c"/>
            <object_component_ref idref="oc-149"/>
            <object_component_ref idref="oc-89"/>
         </contents>
      </logical_group>
      <logical_group id="lg-b" display="no" color="cyan">
         <name>.econst</name>
         <load_address>0xa800</load_address>
         <run_address>0xa800</run_address>
         <size>0x1c4</size>
         <contents>
            <object_component_ref idref="oc-14a"/>
            <object_component_ref idref="oc-82"/>
         </contents>
      </logical_group>
      <logical_group id="lg-c" display="no" color="cyan">
         <name>.esysmem</name>
         <run_address>0x0</run_address>
         <size>0x0</size>
         <contents>
         </contents>
      </logical_group>
      <logical_group id="lg-d" display="no" color="cyan">
         <name>.cio</name>
         <run_address>0x0</run_address>
         <size>0x0</size>
         <contents>
         </contents>
      </logical_group>
      <logical_group id="lg-e" display="no" color="cyan">
         <name>ramgs0</name>
         <run_address>0x0</run_address>
         <size>0x0</size>
         <contents>
         </contents>
      </logical_group>
      <logical_group id="lg-f" display="no" color="cyan">
         <name>ramgs1</name>
         <run_address>0x0</run_address>
         <size>0x0</size>
         <contents>
         </contents>
      </logical_group>
      <logical_group id="lg-11" display="no" color="cyan">
         <name>PieVectTableFile</name>
         <run_address>0xd00</run_address>
         <size>0x1c0</size>
         <contents>
            <object_component_ref idref="oc-e5"/>
         </contents>
      </logical_group>
      <logical_group id="lg-13" display="no" color="cyan">
         <name>EmuKeyVar</name>
         <run_address>0xd00</run_address>
         <size>0x0</size>
         <contents>
         </contents>
      </logical_group>
      <logical_group id="lg-14" display="no" color="cyan">
         <name>EmuBModeVar</name>
         <run_address>0xd00</run_address>
         <size>0x0</size>
         <contents>
         </contents>
      </logical_group>
      <logical_group id="lg-15" display="no" color="cyan">
         <name>FlashCallbackVar</name>
         <run_address>0xd00</run_address>
         <size>0x0</size>
         <contents>
         </contents>
      </logical_group>
      <logical_group id="lg-16" display="no" color="cyan">
         <name>FlashScalingVar</name>
         <run_address>0xd00</run_address>
         <size>0x0</size>
         <contents>
         </contents>
      </logical_group>
      <logical_group id="lg-12" display="no" color="cyan">
         <name>GROUP_2</name>
         <run_address>0xd00</run_address>
         <size>0x0</size>
         <contents>
            <logical_group_ref idref="lg-13"/>
            <logical_group_ref idref="lg-14"/>
            <logical_group_ref idref="lg-15"/>
            <logical_group_ref idref="lg-16"/>
         </contents>
      </logical_group>
      <overlay id="lg-10" display="no" color="cyan">
         <name>UNION_1</name>
         <run_address>0xd00</run_address>
         <size>0x1c0</size>
         <contents>
            <logical_group_ref idref="lg-11"/>
            <logical_group_ref idref="lg-12"/>
         </contents>
      </overlay>
      <logical_group id="lg-17" display="no" color="cyan">
         <name>AdcaResultFile</name>
         <run_address>0xb00</run_address>
         <size>0x18</size>
         <contents>
            <object_component_ref idref="oc-a7"/>
         </contents>
      </logical_group>
      <logical_group id="lg-18" display="no" color="cyan">
         <name>AdcbResultFile</name>
         <run_address>0xb20</run_address>
         <size>0x18</size>
         <contents>
            <object_component_ref idref="oc-a8"/>
         </contents>
      </logical_group>
      <logical_group id="lg-19" display="no" color="cyan">
         <name>AdccResultFile</name>
         <run_address>0xb40</run_address>
         <size>0x18</size>
         <contents>
            <object_component_ref idref="oc-a9"/>
         </contents>
      </logical_group>
      <logical_group id="lg-1a" display="no" color="cyan">
         <name>AdcaRegsFile</name>
         <run_address>0x7400</run_address>
         <size>0x80</size>
         <contents>
            <object_component_ref idref="oc-d1"/>
         </contents>
      </logical_group>
      <logical_group id="lg-1b" display="no" color="cyan">
         <name>AdcbRegsFile</name>
         <run_address>0x7480</run_address>
         <size>0x80</size>
         <contents>
            <object_component_ref idref="oc-d2"/>
         </contents>
      </logical_group>
      <logical_group id="lg-1c" display="no" color="cyan">
         <name>AdccRegsFile</name>
         <run_address>0x7500</run_address>
         <size>0x80</size>
         <contents>
            <object_component_ref idref="oc-d3"/>
         </contents>
      </logical_group>
      <logical_group id="lg-1d" display="no" color="cyan">
         <name>AnalogSubsysRegsFile</name>
         <run_address>0x5d700</run_address>
         <size>0x90</size>
         <contents>
            <object_component_ref idref="oc-d7"/>
         </contents>
      </logical_group>
      <logical_group id="lg-1e" display="no" color="cyan">
         <name>CanaRegsFile</name>
         <run_address>0x48000</run_address>
         <size>0x200</size>
         <contents>
            <object_component_ref idref="oc-e7"/>
         </contents>
      </logical_group>
      <logical_group id="lg-1f" display="no" color="cyan">
         <name>CanbRegsFile</name>
         <run_address>0x4a000</run_address>
         <size>0x200</size>
         <contents>
            <object_component_ref idref="oc-e8"/>
         </contents>
      </logical_group>
      <logical_group id="lg-20" display="no" color="cyan">
         <name>Cla1RegsFile</name>
         <run_address>0x1400</run_address>
         <size>0x80</size>
         <contents>
            <object_component_ref idref="oc-d4"/>
         </contents>
      </logical_group>
      <logical_group id="lg-21" display="no" color="cyan">
         <name>Cla1SoftIntRegsFile</name>
         <run_address>0xce0</run_address>
         <size>0xf</size>
         <contents>
            <object_component_ref idref="oc-95"/>
         </contents>
      </logical_group>
      <logical_group id="lg-22" display="no" color="cyan">
         <name>ClaPromCrc0RegsFile</name>
         <run_address>0x61c0</run_address>
         <size>0x20</size>
         <contents>
            <object_component_ref idref="oc-ad"/>
         </contents>
      </logical_group>
      <logical_group id="lg-23" display="no" color="cyan">
         <name>ClbXbarRegsFile</name>
         <run_address>0x0</run_address>
         <size>0x0</size>
         <contents>
         </contents>
      </logical_group>
      <logical_group id="lg-24" display="no" color="cyan">
         <name>Cmpss1RegsFile</name>
         <run_address>0x5c80</run_address>
         <size>0x20</size>
         <contents>
            <object_component_ref idref="oc-ae"/>
         </contents>
      </logical_group>
      <logical_group id="lg-25" display="no" color="cyan">
         <name>Cmpss2RegsFile</name>
         <run_address>0x5ca0</run_address>
         <size>0x20</size>
         <contents>
            <object_component_ref idref="oc-af"/>
         </contents>
      </logical_group>
      <logical_group id="lg-26" display="no" color="cyan">
         <name>Cmpss3RegsFile</name>
         <run_address>0x5cc0</run_address>
         <size>0x20</size>
         <contents>
            <object_component_ref idref="oc-b0"/>
         </contents>
      </logical_group>
      <logical_group id="lg-27" display="no" color="cyan">
         <name>Cmpss4RegsFile</name>
         <run_address>0x5ce0</run_address>
         <size>0x20</size>
         <contents>
            <object_component_ref idref="oc-b1"/>
         </contents>
      </logical_group>
      <logical_group id="lg-28" display="no" color="cyan">
         <name>Cmpss5RegsFile</name>
         <run_address>0x5d00</run_address>
         <size>0x20</size>
         <contents>
            <object_component_ref idref="oc-b2"/>
         </contents>
      </logical_group>
      <logical_group id="lg-29" display="no" color="cyan">
         <name>Cmpss6RegsFile</name>
         <run_address>0x5d20</run_address>
         <size>0x20</size>
         <contents>
            <object_component_ref idref="oc-b3"/>
         </contents>
      </logical_group>
      <logical_group id="lg-2a" display="no" color="cyan">
         <name>Cmpss7RegsFile</name>
         <run_address>0x5d40</run_address>
         <size>0x20</size>
         <contents>
            <object_component_ref idref="oc-b4"/>
         </contents>
      </logical_group>
      <logical_group id="lg-2b" display="no" color="cyan">
         <name>CpuTimer0RegsFile</name>
         <run_address>0xc00</run_address>
         <size>0x8</size>
         <contents>
            <object_component_ref idref="oc-86"/>
         </contents>
      </logical_group>
      <logical_group id="lg-2c" display="no" color="cyan">
         <name>CpuTimer1RegsFile</name>
         <run_address>0xc08</run_address>
         <size>0x8</size>
         <contents>
            <object_component_ref idref="oc-87"/>
         </contents>
      </logical_group>
      <logical_group id="lg-2d" display="no" color="cyan">
         <name>CpuTimer2RegsFile</name>
         <run_address>0xc10</run_address>
         <size>0x8</size>
         <contents>
            <object_component_ref idref="oc-88"/>
         </contents>
      </logical_group>
      <logical_group id="lg-2e" display="no" color="cyan">
         <name>DacaRegsFile</name>
         <run_address>0x5c00</run_address>
         <size>0x8</size>
         <contents>
            <object_component_ref idref="oc-8a"/>
         </contents>
      </logical_group>
      <logical_group id="lg-2f" display="no" color="cyan">
         <name>DacbRegsFile</name>
         <run_address>0x5c10</run_address>
         <size>0x8</size>
         <contents>
            <object_component_ref idref="oc-8b"/>
         </contents>
      </logical_group>
      <logical_group id="lg-30" display="no" color="cyan">
         <name>Dcc0RegsFile</name>
         <run_address>0x5e700</run_address>
         <size>0x2c</size>
         <contents>
            <object_component_ref idref="oc-c5"/>
         </contents>
      </logical_group>
      <logical_group id="lg-31" display="no" color="cyan">
         <name>DcsmBank0Z1RegsFile</name>
         <run_address>0x5f000</run_address>
         <size>0x24</size>
         <contents>
            <object_component_ref idref="oc-bf"/>
         </contents>
      </logical_group>
      <logical_group id="lg-32" display="no" color="cyan">
         <name>DcsmBank0Z2RegsFile</name>
         <run_address>0x5f040</run_address>
         <size>0x24</size>
         <contents>
            <object_component_ref idref="oc-c0"/>
         </contents>
      </logical_group>
      <logical_group id="lg-33" display="no" color="cyan">
         <name>DcsmBank1Z1RegsFile</name>
         <run_address>0x5f100</run_address>
         <size>0x24</size>
         <contents>
            <object_component_ref idref="oc-c1"/>
         </contents>
      </logical_group>
      <logical_group id="lg-34" display="no" color="cyan">
         <name>DcsmBank1Z2RegsFile</name>
         <run_address>0x5f140</run_address>
         <size>0x24</size>
         <contents>
            <object_component_ref idref="oc-c2"/>
         </contents>
      </logical_group>
      <logical_group id="lg-35" display="no" color="cyan">
         <name>DcsmCommonRegsFile</name>
         <run_address>0x5f070</run_address>
         <size>0x10</size>
         <contents>
            <object_component_ref idref="oc-97"/>
         </contents>
      </logical_group>
      <logical_group id="lg-36" display="no" color="cyan">
         <name>DmaRegsFile</name>
         <run_address>0x1000</run_address>
         <size>0xe0</size>
         <contents>
            <object_component_ref idref="oc-d8"/>
         </contents>
      </logical_group>
      <logical_group id="lg-37" display="no" color="cyan">
         <name>ECap1RegsFile</name>
         <run_address>0x5200</run_address>
         <size>0x20</size>
         <contents>
            <object_component_ref idref="oc-b5"/>
         </contents>
      </logical_group>
      <logical_group id="lg-38" display="no" color="cyan">
         <name>ECap2RegsFile</name>
         <run_address>0x5240</run_address>
         <size>0x20</size>
         <contents>
            <object_component_ref idref="oc-b6"/>
         </contents>
      </logical_group>
      <logical_group id="lg-39" display="no" color="cyan">
         <name>ECap3RegsFile</name>
         <run_address>0x5280</run_address>
         <size>0x20</size>
         <contents>
            <object_component_ref idref="oc-b7"/>
         </contents>
      </logical_group>
      <logical_group id="lg-3a" display="no" color="cyan">
         <name>ECap4RegsFile</name>
         <run_address>0x52c0</run_address>
         <size>0x20</size>
         <contents>
            <object_component_ref idref="oc-b8"/>
         </contents>
      </logical_group>
      <logical_group id="lg-3b" display="no" color="cyan">
         <name>ECap5RegsFile</name>
         <run_address>0x5300</run_address>
         <size>0x20</size>
         <contents>
            <object_component_ref idref="oc-b9"/>
         </contents>
      </logical_group>
      <logical_group id="lg-3c" display="no" color="cyan">
         <name>ECap6RegsFile</name>
         <run_address>0x5340</run_address>
         <size>0x20</size>
         <contents>
            <object_component_ref idref="oc-ba"/>
         </contents>
      </logical_group>
      <logical_group id="lg-3d" display="no" color="cyan">
         <name>ECap7RegsFile</name>
         <run_address>0x5380</run_address>
         <size>0x20</size>
         <contents>
            <object_component_ref idref="oc-bb"/>
         </contents>
      </logical_group>
      <logical_group id="lg-3e" display="no" color="cyan">
         <name>Pga1RegsFile</name>
         <run_address>0x5b00</run_address>
         <size>0x10</size>
         <contents>
            <object_component_ref idref="oc-98"/>
         </contents>
      </logical_group>
      <logical_group id="lg-3f" display="no" color="cyan">
         <name>Pga2RegsFile</name>
[...]
         <name>_EPWM5_ISR</name>
         <value>0x8276</value>
         <object_component_ref idref="oc-fa"/>
      </symbol>
      <symbol id="sm-426">
         <name>_FSITXA2_ISR</name>
         <value>0x81d6</value>
         <object_component_ref idref="oc-fa"/>
      </symbol>
      <symbol id="sm-428">
         <name>_CLA1_8_ISR</name>
         <value>0x839b</value>
         <object_component_ref idref="oc-fa"/>
      </symbol>
      <symbol id="sm-42a">
         <name>_USER5_ISR</name>
         <value>0x8064</value>
         <object_component_ref idref="oc-fa"/>
      </symbol>
      <symbol id="sm-42c">
         <name>_EQEP2_ISR</name>
         <value>0x821c</value>
         <object_component_ref idref="oc-fa"/>
      </symbol>
      <symbol id="sm-42e">
         <name>_EMPTY_ISR</name>
         <value>0x82da</value>
         <object_component_ref idref="oc-fa"/>
      </symbol>
      <symbol id="sm-430">
         <name>_CLA1_2_ISR</name>
         <value>0x83d7</value>
         <object_component_ref idref="oc-fa"/>
      </symbol>
      <symbol id="sm-432">
         <name>_DMA_CH4_ISR</name>
         <value>0x8355</value>
         <object_component_ref idref="oc-fa"/>
      </symbol>
      <symbol id="sm-434">
         <name>_FLASH_CORRECTABLE_ERROR_ISR</name>
         <value>0x8212</value>
         <object_component_ref idref="oc-fa"/>
      </symbol>
      <symbol id="sm-436">
         <name>_TIMER1_ISR</name>
         <value>0x80be</value>
         <object_component_ref idref="oc-fa"/>
      </symbol>
      <symbol id="sm-438">
         <name>_ECAP6_2_ISR</name>
         <value>0x8305</value>
         <object_component_ref idref="oc-fa"/>
      </symbol>
      <symbol id="sm-43a">
         <name>_SD1DR1_ISR</name>
         <value>0x812c</value>
         <object_component_ref idref="oc-fa"/>
      </symbol>
      <symbol id="sm-43c">
         <name>_EPWM6_ISR</name>
         <value>0x8262</value>
         <object_component_ref idref="oc-fa"/>
      </symbol>
      <symbol id="sm-43e">
         <name>_USER11_ISR</name>
         <value>0x80a0</value>
         <object_component_ref idref="oc-fa"/>
      </symbol>
      <symbol id="sm-440">
         <name>_FPU_OVERFLOW_ISR</name>
         <value>0x8208</value>
         <object_component_ref idref="oc-fa"/>
      </symbol>
      <symbol id="sm-442">
         <name>_USER4_ISR</name>
         <value>0x806e</value>
         <object_component_ref idref="oc-fa"/>
      </symbol>
      <symbol id="sm-444">
         <name>_EPWM7_TZ_ISR</name>
         <value>0x8244</value>
         <object_component_ref idref="oc-fa"/>
      </symbol>
      <symbol id="sm-446">
         <name>_CLA1_3_ISR</name>
         <value>0x83cd</value>
         <object_component_ref idref="oc-fa"/>
      </symbol>
      <symbol id="sm-448">
         <name>_EPWM2_TZ_ISR</name>
         <value>0x82a8</value>
         <object_component_ref idref="oc-fa"/>
      </symbol>
      <symbol id="sm-44a">
         <name>_DMA_CH5_ISR</name>
         <value>0x834b</value>
         <object_component_ref idref="oc-fa"/>
      </symbol>
      <symbol id="sm-44c">
         <name>_ECAP1_ISR</name>
         <value>0x8337</value>
         <object_component_ref idref="oc-fa"/>
      </symbol>
      <symbol id="sm-44e">
         <name>_TIMER2_ISR</name>
         <value>0x80b4</value>
         <object_component_ref idref="oc-fa"/>
      </symbol>
      <symbol id="sm-450">
         <name>_ADCA4_ISR</name>
         <value>0x848b</value>
         <object_component_ref idref="oc-fa"/>
      </symbol>
      <symbol id="sm-452">
         <name>_ADCB4_ISR</name>
         <value>0x8459</value>
         <object_component_ref idref="oc-fa"/>
      </symbol>
      <symbol id="sm-454">
         <name>_ADCC4_ISR</name>
         <value>0x8427</value>
         <object_component_ref idref="oc-fa"/>
      </symbol>
      <symbol id="sm-456">
         <name>_SD1DR2_ISR</name>
         <value>0x8122</value>
         <object_component_ref idref="oc-fa"/>
      </symbol>
      <symbol id="sm-458">
         <name>_EPWM7_ISR</name>
         <value>0x824e</value>
         <object_component_ref idref="oc-fa"/>
      </symbol>
      <symbol id="sm-45a">
         <name>_USER10_ISR</name>
         <value>0x80aa</value>
         <object_component_ref idref="oc-fa"/>
      </symbol>
      <symbol id="sm-45c">
         <name>_USER7_ISR</name>
         <value>0x8050</value>
         <object_component_ref idref="oc-fa"/>
      </symbol>
      <symbol id="sm-45e">
         <name>_PMBUSA_ISR</name>
         <value>0x817c</value>
         <object_component_ref idref="oc-fa"/>
      </symbol>
      <symbol id="sm-460">
         <name>_XINT1_ISR</name>
         <value>0x8028</value>
         <object_component_ref idref="oc-fa"/>
      </symbol>
      <symbol id="sm-462">
         <name>_DMA_CH6_ISR</name>
         <value>0x8341</value>
         <object_component_ref idref="oc-fa"/>
      </symbol>
      <symbol id="sm-464">
         <name>_ECAP2_ISR</name>
         <value>0x832d</value>
         <object_component_ref idref="oc-fa"/>
      </symbol>
      <symbol id="sm-466">
         <name>_SD1DR3_ISR</name>
         <value>0x8118</value>
         <object_component_ref idref="oc-fa"/>
      </symbol>
      <symbol id="sm-468">
         <name>_USER6_ISR</name>
         <value>0x805a</value>
         <object_component_ref idref="oc-fa"/>
      </symbol>
      <symbol id="sm-46a">
         <name>_EPWM4_TZ_ISR</name>
         <value>0x8280</value>
         <object_component_ref idref="oc-fa"/>
      </symbol>
      <symbol id="sm-46c">
         <name>_EPWM3_TZ_ISR</name>
         <value>0x8294</value>
         <object_component_ref idref="oc-fa"/>
      </symbol>
      <symbol id="sm-46e">
         <name>_I2CA_FIFO_ISR</name>
         <value>0x81cc</value>
         <object_component_ref idref="oc-fa"/>
      </symbol>
      <symbol id="sm-470">
         <name>_ECAP3_ISR</name>
         <value>0x8323</value>
         <object_component_ref idref="oc-fa"/>
      </symbol>
      <symbol id="sm-472">
         <name>_RTOS_ISR</name>
         <value>0x815e</value>
         <object_component_ref idref="oc-fa"/>
      </symbol>
      <symbol id="sm-474">
         <name>_EPWM1_ISR</name>
         <value>0x82c6</value>
         <object_component_ref idref="oc-fa"/>
      </symbol>
      <symbol id="sm-476">
         <name>_USER12_ISR</name>
         <value>0x8096</value>
         <object_component_ref idref="oc-fa"/>
      </symbol>
      <symbol id="sm-478">
         <name>_CLA1_4_ISR</name>
         <value>0x83c3</value>
         <object_component_ref idref="oc-fa"/>
      </symbol>
      <symbol id="sm-47a">
         <name>_USER1_ISR</name>
         <value>0x808c</value>
         <object_component_ref idref="oc-fa"/>
      </symbol>
      <symbol id="sm-47c">
         <name>_CLA_UNDERFLOW_ISR</name>
         <value>0x8387</value>
         <object_component_ref idref="oc-fa"/>
      </symbol>
      <symbol id="sm-47e">
         <name>_ADCC_EVT_ISR</name>
         <value>0x841d</value>
         <object_component_ref idref="oc-fa"/>
      </symbol>
      <symbol id="sm-480">
         <name>_SYS_PLL_SLIP_ISR</name>
         <value>0x80d2</value>
         <object_component_ref idref="oc-fa"/>
      </symbol>
      <symbol id="sm-482">
         <name>_XINT3_ISR</name>
         <value>0x8014</value>
         <object_component_ref idref="oc-fa"/>
      </symbol>
      <symbol id="sm-484">
         <name>_NMI_ISR</name>
         <value>0x819a</value>
         <object_component_ref idref="oc-fa"/>
      </symbol>
      <symbol id="sm-486">
         <name>_CANA0_ISR</name>
         <value>0x8413</value>
         <object_component_ref idref="oc-fa"/>
      </symbol>
      <symbol id="sm-488">
         <name>_CANB0_ISR</name>
         <value>0x83ff</value>
         <object_component_ref idref="oc-fa"/>
      </symbol>
      <symbol id="sm-48a">
         <name>_EPWM8_ISR</name>
         <value>0x823a</value>
         <object_component_ref idref="oc-fa"/>
      </symbol>
      <symbol id="sm-48c">
         <name>_EPWM2_ISR</name>
         <value>0x82b2</value>
         <object_component_ref idref="oc-fa"/>
      </symbol>
      <symbol id="sm-48e">
         <name>_CLA1_5_ISR</name>
         <value>0x83b9</value>
         <object_component_ref idref="oc-fa"/>
      </symbol>
      <symbol id="sm-490">
         <name>_EPWM5_TZ_ISR</name>
         <value>0x826c</value>
         <object_component_ref idref="oc-fa"/>
      </symbol>
      <symbol id="sm-492">
         <name>_WAKE_ISR</name>
         <value>0x8032</value>
         <object_component_ref idref="oc-fa"/>
      </symbol>
      <symbol id="sm-494">
         <name>_XINT2_ISR</name>
         <value>0x801e</value>
         <object_component_ref idref="oc-fa"/>
      </symbol>
      <symbol id="sm-496">
         <name>_LINA_0_ISR</name>
         <value>0x81ae</value>
         <object_component_ref idref="oc-fa"/>
      </symbol>
      <symbol id="sm-498">
         <name>_DMA_CH1_ISR</name>
         <value>0x8373</value>
         <object_component_ref idref="oc-fa"/>
      </symbol>
      <symbol id="sm-49a">
         <name>_CANA1_ISR</name>
         <value>0x8409</value>
         <object_component_ref idref="oc-fa"/>
      </symbol>
      <symbol id="sm-49c">
         <name>_CANB1_ISR</name>
         <value>0x83f5</value>
         <object_component_ref idref="oc-fa"/>
      </symbol>
      <symbol id="sm-49e">
         <name>_ADCA_EVT_ISR</name>
         <value>0x8481</value>
         <object_component_ref idref="oc-fa"/>
      </symbol>
      <symbol id="sm-4a0">
         <name>_SD1DR4_ISR</name>
         <value>0x810e</value>
         <object_component_ref idref="oc-fa"/>
      </symbol>
      <symbol id="sm-4a2">
         <name>_SPIB_RX_ISR</name>
         <value>0x80e6</value>
         <object_component_ref idref="oc-fa"/>
      </symbol>
      <symbol id="sm-4a4">
         <name>_CLA1PROMCRC_ISR</name>
         <value>0x83eb</value>
         <object_component_ref idref="oc-fa"/>
      </symbol>
      <symbol id="sm-4a6">
         <name>_SPIB_TX_ISR</name>
         <value>0x80dc</value>
         <object_component_ref idref="oc-fa"/>
      </symbol>
      <symbol id="sm-4a8">
         <name>_EPWM3_ISR</name>
         <value>0x829e</value>
         <object_component_ref idref="oc-fa"/>
      </symbol>
      <symbol id="sm-4aa">
         <name>_USER9_ISR</name>
         <value>0x803c</value>
         <object_component_ref idref="oc-fa"/>
      </symbol>
      <symbol id="sm-4ac">
         <name>_CLA1_6_ISR</name>
         <value>0x83af</value>
         <object_component_ref idref="oc-fa"/>
      </symbol>
      <symbol id="sm-4ae">
         <name>_USER3_ISR</name>
         <value>0x8078</value>
         <object_component_ref idref="oc-fa"/>
      </symbol>
      <symbol id="sm-4b0">
         <name>_NOTUSED_ISR</name>
         <value>0x8190</value>
         <object_component_ref idref="oc-fa"/>
      </symbol>
      <symbol id="sm-4b2">
         <name>_LINA_1_ISR</name>
         <value>0x81a4</value>
         <object_component_ref idref="oc-fa"/>
      </symbol>
      <symbol id="sm-4b4">
         <name>_RAM_ACCESS_VIOLATION_ISR</name>
         <value>0x8172</value>
         <object_component_ref idref="oc-fa"/>
      </symbol>
      <symbol id="sm-4b6">
         <name>_DMA_CH2_ISR</name>
         <value>0x8369</value>
         <object_component_ref idref="oc-fa"/>
      </symbol>
      <symbol id="sm-4b8">
         <name>_ECAP4_ISR</name>
         <value>0x8319</value>
         <object_component_ref idref="oc-fa"/>
      </symbol>
      <symbol id="sm-4ba">
         <name>_ADCA1_ISR</name>
         <value>0x84a9</value>
         <object_component_ref idref="oc-fa"/>
      </symbol>
      <symbol id="sm-4bc">
         <name>_FPU_UNDERFLOW_ISR</name>
         <value>0x81fe</value>
         <object_component_ref idref="oc-fa"/>
      </symbol>
      <symbol id="sm-4be">
         <name>_ADCB1_ISR</name>
         <value>0x8477</value>
         <object_component_ref idref="oc-fa"/>
      </symbol>
      <symbol id="sm-4c0">
         <name>_ADCC1_ISR</name>
         <value>0x8445</value>
         <object_component_ref idref="oc-fa"/>
      </symbol>
      <symbol id="sm-4c2">
         <name>_FSIRXA1_ISR</name>
         <value>0x81f4</value>
         <object_component_ref idref="oc-fa"/>
      </symbol>
      <symbol id="sm-4c4">
         <name>_USER8_ISR</name>
         <value>0x8046</value>
         <object_component_ref idref="oc-fa"/>
      </symbol>
      <symbol id="sm-4c6">
         <name>_CLA1_7_ISR</name>
         <value>0x83a5</value>
         <object_component_ref idref="oc-fa"/>
      </symbol>
      <symbol id="sm-4c8">
         <name>_USER2_ISR</name>
         <value>0x8082</value>
         <object_component_ref idref="oc-fa"/>
      </symbol>
      <symbol id="sm-4ca">
         <name>_EPWM1_TZ_ISR</name>
         <value>0x82bc</value>
         <object_component_ref idref="oc-fa"/>
      </symbol>
      <symbol id="sm-4cc">
         <name>_DMA_CH3_ISR</name>
         <value>0x835f</value>
         <object_component_ref idref="oc-fa"/>
      </symbol>
      <symbol id="sm-4ce">
         <name>_ECAP5_ISR</name>
         <value>0x830f</value>
         <object_component_ref idref="oc-fa"/>
      </symbol>
      <symbol id="sm-4d0">
         <name>_ADCA2_ISR</name>
         <value>0x849f</value>
         <object_component_ref idref="oc-fa"/>
      </symbol>
      <symbol id="sm-4d2">
         <name>_ADCB2_ISR</name>
         <value>0x846d</value>
         <object_component_ref idref="oc-fa"/>
      </symbol>
      <symbol id="sm-4d4">
         <name>_ADCC2_ISR</name>
         <value>0x843b</value>
         <object_component_ref idref="oc-fa"/>
      </symbol>
      <symbol id="sm-4d6">
         <name>_SCIB_RX_ISR</name>
         <value>0x8140</value>
         <object_component_ref idref="oc-fa"/>
      </symbol>
      <symbol id="sm-4d8">
         <name>_EMU_ISR</name>
         <value>0x82d0</value>
         <object_component_ref idref="oc-fa"/>
      </symbol>
      <symbol id="sm-4da">
         <name>_SCIB_TX_ISR</name>
         <value>0x8136</value>
         <object_component_ref idref="oc-fa"/>
      </symbol>
      <symbol id="sm-4dc">
         <name>_SPIA_RX_ISR</name>
         <value>0x80fa</value>
         <object_component_ref idref="oc-fa"/>
      </symbol>
      <symbol id="sm-4de">
         <name>_SPIA_TX_ISR</name>
         <value>0x80f0</value>
         <object_component_ref idref="oc-fa"/>
      </symbol>
      <symbol id="sm-4e0">
         <name>_FSIRXA2_ISR</name>
         <value>0x81ea</value>
         <object_component_ref idref="oc-fa"/>
      </symbol>
      <symbol id="sm-4e2">
         <name>_XINT5_ISR</name>
         <value>0x8000</value>
         <object_component_ref idref="oc-fa"/>
      </symbol>
      <symbol id="sm-4e4">
         <name>_CLA_OVERFLOW_ISR</name>
         <value>0x8391</value>
         <object_component_ref idref="oc-fa"/>
      </symbol>
      <symbol id="sm-4fa">
         <name>_InitPieCtrl</name>
         <value>0x90ae</value>
         <object_component_ref idref="oc-145"/>
      </symbol>
      <symbol id="sm-4fc">
         <name>_EnableInterrupts</name>
         <value>0x90cd</value>
         <object_component_ref idref="oc-145"/>
      </symbol>
      <symbol id="sm-52e">
         <name>_InitSysPll</name>
         <value>0x85e1</value>
         <object_component_ref idref="oc-140"/>
      </symbol>
      <symbol id="sm-530">
         <name>_DisablePeripheralClocks</name>
         <value>0x87a1</value>
         <object_component_ref idref="oc-140"/>
      </symbol>
      <symbol id="sm-532">
         <name>_FlashOff</name>
         <value>0x138</value>
         <object_component_ref idref="oc-144"/>
      </symbol>
      <symbol id="sm-534">
         <name>_DisableDog</name>
         <value>0x86d6</value>
         <object_component_ref idref="oc-140"/>
      </symbol>
      <symbol id="sm-536">
         <name>_SysIntOsc2Sel</name>
         <value>0x852c</value>
         <object_component_ref idref="oc-140"/>
      </symbol>
      <symbol id="sm-538">
         <name>_HALT</name>
         <value>0x8790</value>
         <object_component_ref idref="oc-140"/>
      </symbol>
      <symbol id="sm-53a">
         <name>_IDLE</name>
         <value>0x8787</value>
         <object_component_ref idref="oc-140"/>
      </symbol>
      <symbol id="sm-53c">
         <name>_InitPeripheralClocks</name>
         <value>0x86e2</value>
         <object_component_ref idref="oc-140"/>
      </symbol>
      <symbol id="sm-53e">
         <name>_InitFlash</name>
         <value>0xf4</value>
         <object_component_ref idref="oc-144"/>
      </symbol>
      <symbol id="sm-540">
         <name>_SysXtalOscSel</name>
         <value>0x84dd</value>
         <object_component_ref idref="oc-140"/>
      </symbol>
      <symbol id="sm-542">
         <name>_CsmUnlock</name>
         <value>0x87bf</value>
         <object_component_ref idref="oc-140"/>
      </symbol>
      <symbol id="sm-544">
         <name>_SysIntOsc1Sel</name>
         <value>0x853c</value>
         <object_component_ref idref="oc-140"/>
      </symbol>
      <symbol id="sm-546">
         <name>_ServiceDog</name>
         <value>0x854b</value>
         <object_component_ref idref="oc-140"/>
      </symbol>
      <symbol id="sm-548">
         <name>_IsPLLValid</name>
         <value>0x8558</value>
         <object_component_ref idref="oc-140"/>
      </symbol>
      <symbol id="sm-54a">
         <name>_InitSysCtrl</name>
         <value>0x877a</value>
         <object_component_ref idref="oc-140"/>
      </symbol>
      <symbol id="sm-54c">
         <name>_SysXtalOscSESel</name>
         <value>0x850d</value>
         <object_component_ref idref="oc-140"/>
      </symbol>
      <symbol id="sm-559">
         <name>_F28x_usDelay</name>
         <value>0x148</value>
         <object_component_ref idref="oc-10e"/>
      </symbol>
      <symbol id="sm-574">
         <name>_c_int00</name>
         <value>0x9058</value>
         <object_component_ref idref="oc-7d"/>
      </symbol>
      <symbol id="sm-575">
         <name>__stack</name>
         <value>0x400</value>
         <object_component_ref idref="oc-113"/>
      </symbol>
      <symbol id="sm-583">
         <name>ULL$$CMP</name>
         <value>0x87f1</value>
         <object_component_ref idref="oc-119"/>
      </symbol>
      <symbol id="sm-584">
         <name>LL$$CMP</name>
         <value>0x87df</value>
         <object_component_ref idref="oc-119"/>
      </symbol>
      <symbol id="sm-591">
         <name>__system_post_cinit</name>
         <value>0x8bab</value>
         <object_component_ref idref="oc-131"/>
      </symbol>
      <symbol id="sm-5a6">
         <name>C$$EXIT</name>
         <value>0x8fc2</value>
         <object_component_ref idref="oc-133"/>
      </symbol>
      <symbol id="sm-5a7">
         <name>_exit</name>
         <value>0x8fc4</value>
         <object_component_ref idref="oc-133"/>
      </symbol>
      <symbol id="sm-5a9">
         <name>___TI_cleanup_ptr</name>
         <value>0xaa0c</value>
         <object_component_ref idref="oc-125"/>
      </symbol>
      <symbol id="sm-5aa">
         <name>___TI_enable_exit_profile_output</name>
         <value>0xaa0a</value>
         <object_component_ref idref="oc-125"/>
      </symbol>
      <symbol id="sm-5ab">
         <name>_abort</name>
         <value>0x8fc2</value>
         <object_component_ref idref="oc-133"/>
      </symbol>
      <symbol id="sm-5ad">
         <name>___TI_dtors_ptr</name>
         <value>0xaa0e</value>
         <object_component_ref idref="oc-125"/>
      </symbol>
      <symbol id="sm-5bc">
         <name>__args_main</name>
         <value>0x8feb</value>
         <object_component_ref idref="oc-132"/>
      </symbol>
   </symbol_table>
   <title>Link successful</title>
</link_info>
